Component: ARM Compiler 5.06 update 6 (build 750) Tool: armlink [4d35ed]

==============================================================================

Section Cross References

    startup_stm32l151xe.o(STACK) refers (Special) to heapauxi.o(.text) for __use_two_region_memory
    startup_stm32l151xe.o(HEAP) refers (Special) to heapauxi.o(.text) for __use_two_region_memory
    startup_stm32l151xe.o(RESET) refers (Special) to heapauxi.o(.text) for __use_two_region_memory
    startup_stm32l151xe.o(RESET) refers to startup_stm32l151xe.o(STACK) for __initial_sp
    startup_stm32l151xe.o(RESET) refers to startup_stm32l151xe.o(.text) for Reset_Handler
    startup_stm32l151xe.o(RESET) refers to stm32l1xx_it.o(i.NMI_Handler) for NMI_Handler
    startup_stm32l151xe.o(RESET) refers to stm32l1xx_it.o(i.HardFault_Handler) for HardFault_Handler
    startup_stm32l151xe.o(RESET) refers to stm32l1xx_it.o(i.MemManage_Handler) for MemManage_Handler
    startup_stm32l151xe.o(RESET) refers to stm32l1xx_it.o(i.BusFault_Handler) for BusFault_Handler
    startup_stm32l151xe.o(RESET) refers to stm32l1xx_it.o(i.UsageFault_Handler) for UsageFault_Handler
    startup_stm32l151xe.o(RESET) refers to port.o(.emb_text) for SVC_Handler
    startup_stm32l151xe.o(RESET) refers to stm32l1xx_it.o(i.DebugMon_Handler) for DebugMon_Handler
    startup_stm32l151xe.o(RESET) refers to port.o(i.SysTick_Handler) for SysTick_Handler
    startup_stm32l151xe.o(RESET) refers to stm32l1xx_it.o(i.USB_LP_IRQHandler) for USB_LP_IRQHandler
    startup_stm32l151xe.o(RESET) refers to stm32l1xx_it.o(i.TIM2_IRQHandler) for TIM2_IRQHandler
    startup_stm32l151xe.o(RESET) refers to stm32l1xx_it.o(i.TIM3_IRQHandler) for TIM3_IRQHandler
    startup_stm32l151xe.o(.text) refers (Special) to heapauxi.o(.text) for __use_two_region_memory
    startup_stm32l151xe.o(.text) refers to system_stm32l1xx.o(i.SystemInit) for SystemInit
    startup_stm32l151xe.o(.text) refers to __main.o(!!!main) for __main
    startup_stm32l151xe.o(.text) refers to startup_stm32l151xe.o(HEAP) for Heap_Mem
    startup_stm32l151xe.o(.text) refers to startup_stm32l151xe.o(STACK) for Stack_Mem
    main.o(i.HAL_TIM_PeriodElapsedCallback) refers to stm32l1xx_hal.o(i.HAL_IncTick) for HAL_IncTick
    main.o(i.SystemClock_Config) refers to rt_memclr_w.o(.text) for __aeabi_memclr4
    main.o(i.SystemClock_Config) refers to stm32l1xx_hal_rcc.o(i.HAL_RCC_OscConfig) for HAL_RCC_OscConfig
    main.o(i.SystemClock_Config) refers to stm32l1xx_hal_rcc.o(i.HAL_RCC_ClockConfig) for HAL_RCC_ClockConfig
    main.o(i.main) refers to stm32l1xx_hal.o(i.HAL_Init) for HAL_Init
    main.o(i.main) refers to main.o(i.SystemClock_Config) for SystemClock_Config
    main.o(i.main) refers to gpio.o(i.MX_GPIO_Init) for MX_GPIO_Init
    main.o(i.main) refers to tim.o(i.MX_TIM3_Init) for MX_TIM3_Init
    main.o(i.main) refers to fatfs.o(i.MX_FATFS_Init) for MX_FATFS_Init
    main.o(i.main) refers to mmc_stm32l1_spi.o(i.disk_ioctl) for disk_ioctl
    main.o(i.main) refers to freertos.o(i.MX_FREERTOS_Init) for MX_FREERTOS_Init
    main.o(i.main) refers to cmsis_os.o(i.osKernelStart) for osKernelStart
    main.o(i.main) refers to usbd_storage_if.o(.data) for _block_num
    gpio.o(i.MX_GPIO_Init) refers to rt_memclr_w.o(.text) for __aeabi_memclr4
    gpio.o(i.MX_GPIO_Init) refers to stm32l1xx_hal_gpio.o(i.HAL_GPIO_WritePin) for HAL_GPIO_WritePin
    gpio.o(i.MX_GPIO_Init) refers to stm32l1xx_hal_gpio.o(i.HAL_GPIO_Init) for HAL_GPIO_Init
    freertos.o(i.MX_FREERTOS_Init) refers to rt_memcpy_w.o(.text) for __aeabi_memcpy4
    freertos.o(i.MX_FREERTOS_Init) refers to cmsis_os.o(i.osThreadCreate) for osThreadCreate
    freertos.o(i.MX_FREERTOS_Init) refers to freertos.o(.constdata) for .constdata
    freertos.o(i.MX_FREERTOS_Init) refers to freertos.o(.data) for .data
    freertos.o(i.StartDefaultTask) refers to usb_device.o(i.MX_USB_DEVICE_Init) for MX_USB_DEVICE_Init
    freertos.o(i.StartDefaultTask) refers to cmsis_os.o(i.osDelay) for osDelay
    freertos.o(i.vApplicationGetIdleTaskMemory) refers to freertos.o(.bss) for .bss
    freertos.o(.constdata) refers to freertos.o(.conststring) for .conststring
    freertos.o(.constdata) refers to freertos.o(i.StartDefaultTask) for StartDefaultTask
    spi.o(i.HAL_SPI_MspDeInit) refers to stm32l1xx_hal_gpio.o(i.HAL_GPIO_DeInit) for HAL_GPIO_DeInit
    spi.o(i.HAL_SPI_MspInit) refers to rt_memclr_w.o(.text) for __aeabi_memclr4
    spi.o(i.HAL_SPI_MspInit) refers to stm32l1xx_hal_gpio.o(i.HAL_GPIO_Init) for HAL_GPIO_Init
    spi.o(i.MX_SPI3_Init) refers to stm32l1xx_hal_spi.o(i.HAL_SPI_Init) for HAL_SPI_Init
    spi.o(i.MX_SPI3_Init) refers to main.o(i.Error_Handler) for Error_Handler
    spi.o(i.MX_SPI3_Init) refers to spi.o(.bss) for .bss
    tim.o(i.HAL_TIM_Base_MspDeInit) refers to stm32l1xx_hal_cortex.o(i.HAL_NVIC_DisableIRQ) for HAL_NVIC_DisableIRQ
    tim.o(i.HAL_TIM_Base_MspInit) refers to stm32l1xx_hal_cortex.o(i.HAL_NVIC_SetPriority) for HAL_NVIC_SetPriority
[...]
    __rt_lib_init_argv_1                     0x080001db   Thumb Code     0  libinit2.o(.ARM.Collect$$libinit$$0000002C)
    __rt_lib_init_atexit_1                   0x080001db   Thumb Code     0  libinit2.o(.ARM.Collect$$libinit$$0000001B)
    __rt_lib_init_clock_1                    0x080001db   Thumb Code     0  libinit2.o(.ARM.Collect$$libinit$$00000021)
    __rt_lib_init_cpp_1                      0x080001db   Thumb Code     0  libinit2.o(.ARM.Collect$$libinit$$00000032)
    __rt_lib_init_exceptions_1               0x080001db   Thumb Code     0  libinit2.o(.ARM.Collect$$libinit$$00000030)
    __rt_lib_init_fp_1                       0x080001db   Thumb Code     0  libinit2.o(.ARM.Collect$$libinit$$00000002)
    __rt_lib_init_fp_trap_1                  0x080001db   Thumb Code     0  libinit2.o(.ARM.Collect$$libinit$$0000001F)
    __rt_lib_init_getenv_1                   0x080001db   Thumb Code     0  libinit2.o(.ARM.Collect$$libinit$$00000023)
    __rt_lib_init_heap_1                     0x080001db   Thumb Code     0  libinit2.o(.ARM.Collect$$libinit$$0000000A)
    __rt_lib_init_lc_collate_1               0x080001db   Thumb Code     0  libinit2.o(.ARM.Collect$$libinit$$00000011)
    __rt_lib_init_lc_ctype_1                 0x080001db   Thumb Code     0  libinit2.o(.ARM.Collect$$libinit$$00000013)
    __rt_lib_init_lc_monetary_1              0x080001db   Thumb Code     0  libinit2.o(.ARM.Collect$$libinit$$00000015)
    __rt_lib_init_lc_numeric_1               0x080001db   Thumb Code     0  libinit2.o(.ARM.Collect$$libinit$$00000017)
    __rt_lib_init_lc_time_1                  0x080001db   Thumb Code     0  libinit2.o(.ARM.Collect$$libinit$$00000019)
    __rt_lib_init_preinit_1                  0x080001db   Thumb Code     0  libinit2.o(.ARM.Collect$$libinit$$00000004)
    __rt_lib_init_rand_1                     0x080001db   Thumb Code     0  libinit2.o(.ARM.Collect$$libinit$$0000000E)
    __rt_lib_init_return                     0x080001db   Thumb Code     0  libinit2.o(.ARM.Collect$$libinit$$00000033)
    __rt_lib_init_signal_1                   0x080001db   Thumb Code     0  libinit2.o(.ARM.Collect$$libinit$$0000001D)
    __rt_lib_init_stdio_1                    0x080001db   Thumb Code     0  libinit2.o(.ARM.Collect$$libinit$$00000025)
    __rt_lib_init_user_alloc_1               0x080001db   Thumb Code     0  libinit2.o(.ARM.Collect$$libinit$$0000000C)
    __rt_lib_shutdown                        0x080001dd   Thumb Code     0  libshutdown.o(.ARM.Collect$$libshutdown$$00000000)
    __rt_lib_shutdown_cpp_1                  0x080001df   Thumb Code     0  libshutdown2.o(.ARM.Collect$$libshutdown$$00000002)
    __rt_lib_shutdown_fp_trap_1              0x080001df   Thumb Code     0  libshutdown2.o(.ARM.Collect$$libshutdown$$00000007)
    __rt_lib_shutdown_heap_1                 0x080001df   Thumb Code     0  libshutdown2.o(.ARM.Collect$$libshutdown$$0000000F)
    __rt_lib_shutdown_return                 0x080001df   Thumb Code     0  libshutdown2.o(.ARM.Collect$$libshutdown$$00000010)
    __rt_lib_shutdown_signal_1               0x080001df   Thumb Code     0  libshutdown2.o(.ARM.Collect$$libshutdown$$0000000A)
    __rt_lib_shutdown_stdio_1                0x080001df   Thumb Code     0  libshutdown2.o(.ARM.Collect$$libshutdown$$00000004)
    __rt_lib_shutdown_user_alloc_1           0x080001df   Thumb Code     0  libshutdown2.o(.ARM.Collect$$libshutdown$$0000000C)
    __rt_entry                               0x080001e1   Thumb Code     0  __rtentry.o(.ARM.Collect$$rtentry$$00000000)
    __rt_entry_presh_1                       0x080001e1   Thumb Code     0  __rtentry2.o(.ARM.Collect$$rtentry$$00000002)
    __rt_entry_sh                            0x080001e1   Thumb Code     0  __rtentry4.o(.ARM.Collect$$rtentry$$00000004)
    __rt_entry_li                            0x080001e7   Thumb Code     0  __rtentry2.o(.ARM.Collect$$rtentry$$0000000A)
    __rt_entry_postsh_1                      0x080001e7   Thumb Code     0  __rtentry2.o(.ARM.Collect$$rtentry$$00000009)
    __rt_entry_main                          0x080001eb   Thumb Code     0  __rtentry2.o(.ARM.Collect$$rtentry$$0000000D)
    __rt_entry_postli_1                      0x080001eb   Thumb Code     0  __rtentry2.o(.ARM.Collect$$rtentry$$0000000C)
    __rt_exit                                0x080001f3   Thumb Code     0  rtexit.o(.ARM.Collect$$rtexit$$00000000)
    __rt_exit_ls                             0x080001f5   Thumb Code     0  rtexit2.o(.ARM.Collect$$rtexit$$00000003)
    __rt_exit_prels_1                        0x080001f5   Thumb Code     0  rtexit2.o(.ARM.Collect$$rtexit$$00000002)
    __rt_exit_exit                           0x080001f9   Thumb Code     0  rtexit2.o(.ARM.Collect$$rtexit$$00000004)
    SVC_Handler                              0x08000201   Thumb Code    32  port.o(.emb_text)
    __asm___6_port_c_39a90d8d__prvStartFirstTask 0x08000225   Thumb Code    28  port.o(.emb_text)
    PendSV_Handler                           0x08000245   Thumb Code    72  port.o(.emb_text)
    vPortGetIPSR                             0x08000291   Thumb Code     6  port.o(.emb_text)
    Reset_Handler                            0x08000299   Thumb Code     8  startup_stm32l151xe.o(.text)
    ADC1_IRQHandler                          0x080002b3   Thumb Code     0  startup_stm32l151xe.o(.text)
    COMP_ACQ_IRQHandler                      0x080002b3   Thumb Code     0  startup_stm32l151xe.o(.text)
    COMP_IRQHandler                          0x080002b3   Thumb Code     0  startup_stm32l151xe.o(.text)
    DAC_IRQHandler                           0x080002b3   Thumb Code     0  startup_stm32l151xe.o(.text)
    DMA1_Channel1_IRQHandler                 0x080002b3   Thumb Code     0  startup_stm32l151xe.o(.text)
    DMA1_Channel2_IRQHandler                 0x080002b3   Thumb Code     0  startup_stm32l151xe.o(.text)
    DMA1_Channel3_IRQHandler                 0x080002b3   Thumb Code     0  startup_stm32l151xe.o(.text)
    DMA1_Channel4_IRQHandler                 0x080002b3   Thumb Code     0  startup_stm32l151xe.o(.text)
    DMA1_Channel5_IRQHandler                 0x080002b3   Thumb Code     0  startup_stm32l151xe.o(.text)
    DMA1_Channel6_IRQHandler                 0x080002b3   Thumb Code     0  startup_stm32l151xe.o(.text)
    DMA1_Channel7_IRQHandler                 0x080002b3   Thumb Code     0  startup_stm32l151xe.o(.text)
    DMA2_Channel1_IRQHandler                 0x080002b3   Thumb Code     0  startup_stm32l151xe.o(.text)
    DMA2_Channel2_IRQHandler                 0x080002b3   Thumb Code     0  startup_stm32l151xe.o(.text)
    DMA2_Channel3_IRQHandler                 0x080002b3   Thumb Code     0  startup_stm32l151xe.o(.text)
    DMA2_Channel4_IRQHandler                 0x080002b3   Thumb Code     0  startup_stm32l151xe.o(.text)
    DMA2_Channel5_IRQHandler                 0x080002b3   Thumb Code     0  startup_stm32l151xe.o(.text)
    EXTI0_IRQHandler                         0x080002b3   Thumb Code     0  startup_stm32l151xe.o(.text)
    EXTI15_10_IRQHandler                     0x080002b3   Thumb Code     0  startup_stm32l151xe.o(.text)
    EXTI1_IRQHandler                         0x080002b3   Thumb Code     0  startup_stm32l151xe.o(.text)
    EXTI2_IRQHandler                         0x080002b3   Thumb Code     0  startup_stm32l151xe.o(.text)
    EXTI3_IRQHandler                         0x080002b3   Thumb Code     0  startup_stm32l151xe.o(.text)
    EXTI4_IRQHandler                         0x080002b3   Thumb Code     0  startup_stm32l151xe.o(.text)
    EXTI9_5_IRQHandler                       0x080002b3   Thumb Code     0  startup_stm32l151xe.o(.text)
    FLASH_IRQHandler                         0x080002b3   Thumb Code     0  startup_stm32l151xe.o(.text)
    I2C1_ER_IRQHandler                       0x080002b3   Thumb Code     0  startup_stm32l151xe.o(.text)
    I2C1_EV_IRQHandler                       0x080002b3   Thumb Code     0  startup_stm32l151xe.o(.text)
    I2C2_ER_IRQHandler                       0x080002b3   Thumb Code     0  startup_stm32l151xe.o(.text)
    I2C2_EV_IRQHandler                       0x080002b3   Thumb Code     0  startup_stm32l151xe.o(.text)
    PVD_IRQHandler                           0x080002b3   Thumb Code     0  startup_stm32l151xe.o(.text)
    RCC_IRQHandler                           0x080002b3   Thumb Code     0  startup_stm32l151xe.o(.text)
    RTC_Alarm_IRQHandler                     0x080002b3   Thumb Code     0  startup_stm32l151xe.o(.text)
    RTC_WKUP_IRQHandler                      0x080002b3   Thumb Code     0  startup_stm32l151xe.o(.text)
    SPI1_IRQHandler                          0x080002b3   Thumb Code     0  startup_stm32l151xe.o(.text)
    SPI2_IRQHandler                          0x080002b3   Thumb Code     0  startup_stm32l151xe.o(.text)
    SPI3_IRQHandler                          0x080002b3   Thumb Code     0  startup_stm32l151xe.o(.text)
    TAMPER_STAMP_IRQHandler                  0x080002b3   Thumb Code     0  startup_stm32l151xe.o(.text)
    TIM10_IRQHandler                         0x080002b3   Thumb Code     0  startup_stm32l151xe.o(.text)
    TIM11_IRQHandler                         0x080002b3   Thumb Code     0  startup_stm32l151xe.o(.text)
    TIM4_IRQHandler                          0x080002b3   Thumb Code     0  startup_stm32l151xe.o(.text)
    TIM5_IRQHandler                          0x080002b3   Thumb Code     0  startup_stm32l151xe.o(.text)
    TIM6_IRQHandler                          0x080002b3   Thumb Code     0  startup_stm32l151xe.o(.text)
    TIM7_IRQHandler                          0x080002b3   Thumb Code     0  startup_stm32l151xe.o(.text)
    TIM9_IRQHandler                          0x080002b3   Thumb Code     0  startup_stm32l151xe.o(.text)
    UART4_IRQHandler                         0x080002b3   Thumb Code     0  startup_stm32l151xe.o(.text)
    UART5_IRQHandler                         0x080002b3   Thumb Code     0  startup_stm32l151xe.o(.text)
    USART1_IRQHandler                        0x080002b3   Thumb Code     0  startup_stm32l151xe.o(.text)
    USART2_IRQHandler                        0x080002b3   Thumb Code     0  startup_stm32l151xe.o(.text)
    USART3_IRQHandler                        0x080002b3   Thumb Code     0  startup_stm32l151xe.o(.text)
    USB_FS_WKUP_IRQHandler                   0x080002b3   Thumb Code     0  startup_stm32l151xe.o(.text)
    USB_HP_IRQHandler                        0x080002b3   Thumb Code     0  startup_stm32l151xe.o(.text)
    WWDG_IRQHandler                          0x080002b3   Thumb Code     0  startup_stm32l151xe.o(.text)
    __user_initial_stackheap                 0x080002b5   Thumb Code     0  startup_stm32l151xe.o(.text)
    __aeabi_uldivmod                         0x080002d9   Thumb Code     0  lludivv7m.o(.text)
    _ll_udiv                                 0x080002d9   Thumb Code   238  lludivv7m.o(.text)
    __aeabi_memcpy                           0x080003c7   Thumb Code     0  rt_memcpy_v6.o(.text)
    __rt_memcpy                              0x080003c7   Thumb Code   138  rt_memcpy_v6.o(.text)
    _memcpy_lastbytes                        0x0800042d   Thumb Code     0  rt_memcpy_v6.o(.text)
    __aeabi_memcpy4                          0x08000451   Thumb Code     0  rt_memcpy_w.o(.text)
    __aeabi_memcpy8                          0x08000451   Thumb Code     0  rt_memcpy_w.o(.text)
    __rt_memcpy_w                            0x08000451   Thumb Code   100  rt_memcpy_w.o(.text)
    _memcpy_lastbytes_aligned                0x08000499   Thumb Code     0  rt_memcpy_w.o(.text)
    __aeabi_memclr4                          0x080004b5   Thumb Code     0  rt_memclr_w.o(.text)
    __aeabi_memclr8                          0x080004b5   Thumb Code     0  rt_memclr_w.o(.text)
    __rt_memclr_w                            0x080004b5   Thumb Code    78  rt_memclr_w.o(.text)
    _memset_w                                0x080004b9   Thumb Code     0  rt_memclr_w.o(.text)
    __use_two_region_memory                  0x08000503   Thumb Code     2  heapauxi.o(.text)
    __rt_heap_escrow$2region                 0x08000505   Thumb Code     2  heapauxi.o(.text)
    __rt_heap_expand$2region                 0x08000507   Thumb Code     2  heapauxi.o(.text)
    __user_setup_stackheap                   0x08000509   Thumb Code    74  sys_stackheap_outer.o(.text)
    exit                                     0x08000553   Thumb Code    18  exit.o(.text)
    __user_libspace                          0x08000565   Thumb Code     8  libspace.o(.text)
    __user_perproc_libspace                  0x08000565   Thumb Code     0  libspace.o(.text)
    __user_perthread_libspace                0x08000565   Thumb Code     0  libspace.o(.text)
    _sys_exit                                0x0800056d   Thumb Code     8  sys_exit.o(.text)
    __I$use$semihosting                      0x08000579   Thumb Code     0  use_no_semi.o(.text)
    __use_no_semihosting_swi                 0x08000579   Thumb Code     2  use_no_semi.o(.text)
    BusFault_Handler                         0x0800057b   Thumb Code     2  stm32l1xx_it.o(i.BusFault_Handler)
    __semihosting_library_function           0x0800057b   Thumb Code     0  indicate_semi.o(.text)
    DebugMon_Handler                         0x08000601   Thumb Code     2  stm32l1xx_it.o(i.DebugMon_Handler)
    Error_Handler                            0x08000603   Thumb Code     4  main.o(i.Error_Handler)
    FATFS_LinkDriver                         0x08000607   Thumb Code     6  ff_gen_drv.o(i.FATFS_LinkDriver)
    FATFS_LinkDriverEx                       0x0800060d   Thumb Code    58  ff_gen_drv.o(i.FATFS_LinkDriverEx)
    HAL_Delay                                0x0800069d   Thumb Code    32  stm32l1xx_hal.o(i.HAL_Delay)
    HAL_GPIO_DeInit                          0x080006c1   Thumb Code   324  stm32l1xx_hal_gpio.o(i.HAL_GPIO_DeInit)
    HAL_GPIO_Init                            0x08000869   Thumb Code   628  stm32l1xx_hal_gpio.o(i.HAL_GPIO_Init)
    HAL_GPIO_WritePin                        0x08000b45   Thumb Code    46  stm32l1xx_hal_gpio.o(i.HAL_GPIO_WritePin)
    HAL_GetTick                              0x08000bb1   Thumb Code     6  stm32l1xx_hal.o(i.HAL_GetTick)
    HAL_IncTick                              0x08000bbd   Thumb Code    12  stm32l1xx_hal.o(i.HAL_IncTick)
    HAL_Init                                 0x08000bcd   Thumb Code    30  stm32l1xx_hal.o(i.HAL_Init)
    HAL_InitTick                             0x08000bed   Thumb Code   100  stm32l1xx_hal_timebase_tim.o(i.HAL_InitTick)
    HAL_MspInit                              0x08000c5d   Thumb Code    66  stm32l1xx_hal_msp.o(i.HAL_MspInit)
    HAL_NVIC_EnableIRQ                       0x08000ca5   Thumb Code    40  stm32l1xx_hal_cortex.o(i.HAL_NVIC_EnableIRQ)
    HAL_NVIC_SetPriority                     0x08000d09   Thumb Code    94  stm32l1xx_hal_cortex.o(i.HAL_NVIC_SetPriority)
    HAL_NVIC_SetPriorityGrouping             0x08000da9   Thumb Code    58  stm32l1xx_hal_cortex.o(i.HAL_NVIC_SetPriorityGrouping)
    HAL_PCDEx_PMAConfig                      0x08000e29   Thumb Code    60  stm32l1xx_hal_pcd_ex.o(i.HAL_PCDEx_PMAConfig)
    HAL_PCDEx_SetConnectionState             0x08000e65   Thumb Code    22  usbd_conf.o(i.HAL_PCDEx_SetConnectionState)
    HAL_PCD_DataInStageCallback              0x08000e81   Thumb Code    18  usbd_conf.o(i.HAL_PCD_DataInStageCallback)
    HAL_PCD_DataOutStageCallback             0x08000e93   Thumb Code    20  usbd_conf.o(i.HAL_PCD_DataOutStageCallback)
    HAL_PCD_EP_Close                         0x08000ea7   Thumb Code    76  stm32l1xx_hal_pcd.o(i.HAL_PCD_EP_Close)
    HAL_PCD_EP_ClrStall                      0x08000ef3   Thumb Code    92  stm32l1xx_hal_pcd.o(i.HAL_PCD_EP_ClrStall)
    HAL_PCD_EP_Flush                         0x08001365   Thumb Code     4  stm32l1xx_hal_pcd.o(i.HAL_PCD_EP_Flush)
    HAL_PCD_EP_GetRxCount                    0x08001369   Thumb Code    18  stm32l1xx_hal_pcd.o(i.HAL_PCD_EP_GetRxCount)
    HAL_PCD_EP_Open                          0x0800137b   Thumb Code    96  stm32l1xx_hal_pcd.o(i.HAL_PCD_EP_Open)
    HAL_PCD_EP_Receive                       0x080013db   Thumb Code    50  stm32l1xx_hal_pcd.o(i.HAL_PCD_EP_Receive)
    HAL_PCD_EP_SetStall                      0x0800140d   Thumb Code    96  stm32l1xx_hal_pcd.o(i.HAL_PCD_EP_SetStall)
    HAL_PCD_EP_Transmit                      0x0800146d   Thumb Code    52  stm32l1xx_hal_pcd.o(i.HAL_PCD_EP_Transmit)
    HAL_PCD_IRQHandler                       0x080014a1   Thumb Code   256  stm32l1xx_hal_pcd.o(i.HAL_PCD_IRQHandler)
    HAL_PCD_Init                             0x080015a1   Thumb Code   182  stm32l1xx_hal_pcd.o(i.HAL_PCD_Init)
    HAL_PCD_MspInit                          0x08001695   Thumb Code    50  usbd_conf.o(i.HAL_PCD_MspInit)
    HAL_PCD_ResetCallback                    0x080016d1   Thumb Code    38  usbd_conf.o(i.HAL_PCD_ResetCallback)
    HAL_PCD_ResumeCallback                   0x080016f7   Thumb Code     8  usbd_conf.o(i.HAL_PCD_ResumeCallback)
    HAL_PCD_SOFCallback                      0x080016ff   Thumb Code     8  usbd_conf.o(i.HAL_PCD_SOFCallback)
    HAL_PCD_SetAddress                       0x08001707   Thumb Code    40  stm32l1xx_hal_pcd.o(i.HAL_PCD_SetAddress)
    HAL_PCD_SetupStageCallback               0x0800172f   Thumb Code    14  usbd_conf.o(i.HAL_PCD_SetupStageCallback)
    HAL_PCD_Start                            0x0800173d   Thumb Code    50  stm32l1xx_hal_pcd.o(i.HAL_PCD_Start)
    HAL_PCD_SuspendCallback                  0x08001771   Thumb Code    30  usbd_conf.o(i.HAL_PCD_SuspendCallback)
    HAL_RCC_ClockConfig                      0x08001795   Thumb Code   568  stm32l1xx_hal_rcc.o(i.HAL_RCC_ClockConfig)
    HAL_RCC_GetClockConfig                   0x08001a19   Thumb Code    84  stm32l1xx_hal_rcc.o(i.HAL_RCC_GetClockConfig)
    HAL_RCC_GetPCLK1Freq                     0x08001aad   Thumb Code    20  stm32l1xx_hal_rcc.o(i.HAL_RCC_GetPCLK1Freq)
    HAL_RCC_GetSysClockFreq                  0x08001acd   Thumb Code    86  stm32l1xx_hal_rcc.o(i.HAL_RCC_GetSysClockFreq)
    HAL_RCC_OscConfig                        0x08001b31   Thumb Code  1572  stm32l1xx_hal_rcc.o(i.HAL_RCC_OscConfig)
    HAL_SPI_DeInit                           0x0800215d   Thumb Code    76  stm32l1xx_hal_spi.o(i.HAL_SPI_DeInit)
    HAL_SPI_Init                             0x080021ed   Thumb Code   518  stm32l1xx_hal_spi.o(i.HAL_SPI_Init)
    HAL_SPI_MspDeInit                        0x08002439   Thumb Code    30  spi.o(i.HAL_SPI_MspDeInit)
    HAL_SPI_MspInit                          0x08002465   Thumb Code    94  spi.o(i.HAL_SPI_MspInit)
    HAL_SPI_Transmit                         0x080024d1   Thumb Code   380  stm32l1xx_hal_spi.o(i.HAL_SPI_Transmit)
    HAL_SPI_TransmitReceive                  0x08002685   Thumb Code   496  stm32l1xx_hal_spi.o(i.HAL_SPI_TransmitReceive)
    HAL_TIMEx_MasterConfigSynchronization    0x080028ad   Thumb Code   204  stm32l1xx_hal_tim_ex.o(i.HAL_TIMEx_MasterConfigSynchronization)
    HAL_TIM_Base_Init                        0x080029cd   Thumb Code   214  stm32l1xx_hal_tim.o(i.HAL_TIM_Base_Init)
    HAL_TIM_Base_MspInit                     0x08002afd   Thumb Code    50  tim.o(i.HAL_TIM_Base_MspInit)
    HAL_TIM_Base_Start_IT                    0x08002b39   Thumb Code   144  stm32l1xx_hal_tim.o(i.HAL_TIM_Base_Start_IT)
    HAL_TIM_ConfigClockSource                0x08002c21   Thumb Code   846  stm32l1xx_hal_tim.o(i.HAL_TIM_ConfigClockSource)
    HAL_TIM_IC_CaptureCallback               0x08002fc9   Thumb Code     2  stm32l1xx_hal_tim.o(i.HAL_TIM_IC_CaptureCallback)
    HAL_TIM_IRQHandler                       0x08002fcb   Thumb Code   294  stm32l1xx_hal_tim.o(i.HAL_TIM_IRQHandler)
    HAL_TIM_OC_DelayElapsedCallback          0x080030f1   Thumb Code     2  stm32l1xx_hal_tim.o(i.HAL_TIM_OC_DelayElapsedCallback)
    HAL_TIM_PWM_PulseFinishedCallback        0x080030f3   Thumb Code     2  stm32l1xx_hal_tim.o(i.HAL_TIM_PWM_PulseFinishedCallback)
    HAL_TIM_PeriodElapsedCallback            0x080030f5   Thumb Code    14  main.o(i.HAL_TIM_PeriodElapsedCallback)
    HAL_TIM_TriggerCallback                  0x08003103   Thumb Code     2  stm32l1xx_hal_tim.o(i.HAL_TIM_TriggerCallback)
    HardFault_Handler                        0x08003105   Thumb Code     2  stm32l1xx_it.o(i.HardFault_Handler)
    MSC_BOT_CplClrFeature                    0x08003289   Thumb Code    42  usbd_msc_bot.o(i.MSC_BOT_CplClrFeature)
    MSC_BOT_DataIn                           0x080032b3   Thumb Code    58  usbd_msc_bot.o(i.MSC_BOT_DataIn)
    MSC_BOT_DataOut                          0x080032ed   Thumb Code    58  usbd_msc_bot.o(i.MSC_BOT_DataOut)
    MSC_BOT_Init                             0x08003327   Thumb Code    66  usbd_msc_bot.o(i.MSC_BOT_Init)
    MSC_BOT_Reset                            0x08003369   Thumb Code    24  usbd_msc_bot.o(i.MSC_BOT_Reset)
    MSC_BOT_SendCSW                          0x08003381   Thumb Code    54  usbd_msc_bot.o(i.MSC_BOT_SendCSW)
    MX_FATFS_Init                            0x080033bd   Thumb Code    80  fatfs.o(i.MX_FATFS_Init)
    MX_FREERTOS_Init                         0x0800341d   Thumb Code    30  freertos.o(i.MX_FREERTOS_Init)
    MX_GPIO_Init                             0x08003445   Thumb Code   220  gpio.o(i.MX_GPIO_Init)
    MX_TIM3_Init                             0x08003535   Thumb Code   102  tim.o(i.MX_TIM3_Init)
    MX_USB_DEVICE_Init                       0x080035a5   Thumb Code    52  usb_device.o(i.MX_USB_DEVICE_Init)
    MemManage_Handler                        0x080035e5   Thumb Code     2  stm32l1xx_it.o(i.MemManage_Handler)
    NMI_Handler                              0x080035e7   Thumb Code     2  stm32l1xx_it.o(i.NMI_Handler)
    SCSI_ProcessCmd                          0x080039a1   Thumb Code   452  usbd_msc_scsi.o(i.SCSI_ProcessCmd)
    SCSI_SenseCode                           0x08003e09   Thumb Code    52  usbd_msc_scsi.o(i.SCSI_SenseCode)
    StartDefaultTask                         0x08004049   Thumb Code    12  freertos.o(i.StartDefaultTask)
    SysTick_Handler                          0x08004055   Thumb Code    38  port.o(i.SysTick_Handler)
    SystemClock_Config                       0x08004081   Thumb Code   110  main.o(i.SystemClock_Config)
    SystemInit                               0x080040f5   Thumb Code     2  system_stm32l1xx.o(i.SystemInit)
    TIM2_IRQHandler                          0x080040f9   Thumb Code    16  stm32l1xx_it.o(i.TIM2_IRQHandler)
    TIM3_IRQHandler                          0x0800410d   Thumb Code     6  stm32l1xx_it.o(i.TIM3_IRQHandler)
    USBD_CDC_ReceivePacket                   0x08004207   Thumb Code    40  usbd_cdc.o(i.USBD_CDC_ReceivePacket)
    USBD_CDC_RegisterInterface               0x0800422f   Thumb Code    16  usbd_cdc.o(i.USBD_CDC_RegisterInterface)
    USBD_CDC_SetRxBuffer                     0x0800423f   Thumb Code    12  usbd_cdc.o(i.USBD_CDC_SetRxBuffer)
    USBD_CDC_SetTxBuffer                     0x0800424b   Thumb Code    16  usbd_cdc.o(i.USBD_CDC_SetTxBuffer)
    USBD_ClrClassConfig                      0x0800425b   Thumb Code    14  usbd_core.o(i.USBD_ClrClassConfig)
    USBD_CtlContinueRx                       0x08004269   Thumb Code    16  usbd_ioreq.o(i.USBD_CtlContinueRx)
    USBD_CtlContinueSendData                 0x08004279   Thumb Code    16  usbd_ioreq.o(i.USBD_CtlContinueSendData)
    USBD_CtlError                            0x08004289   Thumb Code    22  usbd_ctlreq.o(i.USBD_CtlError)
    USBD_CtlPrepareRx                        0x0800429f   Thumb Code    30  usbd_ioreq.o(i.USBD_CtlPrepareRx)
    USBD_CtlReceiveStatus                    0x080042bd   Thumb Code    22  usbd_ioreq.o(i.USBD_CtlReceiveStatus)
    USBD_CtlSendData                         0x080042d3   Thumb Code    26  usbd_ioreq.o(i.USBD_CtlSendData)
    USBD_CtlSendStatus                       0x080042ed   Thumb Code    22  usbd_ioreq.o(i.USBD_CtlSendStatus)
    USBD_FS_ConfigStrDescriptor              0x08004305   Thumb Code    16  usbd_desc.o(i.USBD_FS_ConfigStrDescriptor)
    USBD_FS_DeviceDescriptor                 0x08004325   Thumb Code     8  usbd_desc.o(i.USBD_FS_DeviceDescriptor)
    USBD_FS_InterfaceStrDescriptor           0x08004331   Thumb Code    16  usbd_desc.o(i.USBD_FS_InterfaceStrDescriptor)
    USBD_FS_LangIDStrDescriptor              0x08004355   Thumb Code     8  usbd_desc.o(i.USBD_FS_LangIDStrDescriptor)
    USBD_FS_ManufacturerStrDescriptor        0x08004361   Thumb Code    16  usbd_desc.o(i.USBD_FS_ManufacturerStrDescriptor)
    USBD_FS_ProductStrDescriptor             0x08004389   Thumb Code    16  usbd_desc.o(i.USBD_FS_ProductStrDescriptor)
    USBD_FS_SerialStrDescriptor              0x080043b1   Thumb Code    44  usbd_desc.o(i.USBD_FS_SerialStrDescriptor)
    USBD_GetString                           0x080044cd   Thumb Code    72  usbd_ctlreq.o(i.USBD_GetString)
    USBD_Init                                0x0800452d   Thumb Code    42  usbd_core.o(i.USBD_Init)
    USBD_LL_ClearStallEP                     0x08004557   Thumb Code    18  usbd_conf.o(i.USBD_LL_ClearStallEP)
    USBD_LL_CloseEP                          0x08004569   Thumb Code    18  usbd_conf.o(i.USBD_LL_CloseEP)
    USBD_LL_DataInStage                      0x0800457b   Thumb Code   198  usbd_core.o(i.USBD_LL_DataInStage)
    USBD_LL_DataOutStage                     0x08004641   Thumb Code   130  usbd_core.o(i.USBD_LL_DataOutStage)
    USBD_LL_FlushEP                          0x080046c3   Thumb Code    18  usbd_conf.o(i.USBD_LL_FlushEP)
    USBD_LL_GetRxDataSize                    0x080046d5   Thumb Code     8  usbd_conf.o(i.USBD_LL_GetRxDataSize)
    USBD_LL_Init                             0x080046dd   Thumb Code   144  usbd_conf.o(i.USBD_LL_Init)
    USBD_LL_IsStallEP                        0x08004775   Thumb Code    32  usbd_conf.o(i.USBD_LL_IsStallEP)
    USBD_LL_OpenEP                           0x08004795   Thumb Code    24  usbd_conf.o(i.USBD_LL_OpenEP)
    USBD_LL_PrepareReceive                   0x080047ad   Thumb Code    18  usbd_conf.o(i.USBD_LL_PrepareReceive)
    USBD_LL_Reset                            0x080047bf   Thumb Code    80  usbd_core.o(i.USBD_LL_Reset)
    USBD_LL_Resume                           0x0800480f   Thumb Code    12  usbd_core.o(i.USBD_LL_Resume)
    USBD_LL_SOF                              0x0800481b   Thumb Code    24  usbd_core.o(i.USBD_LL_SOF)
    USBD_LL_SetSpeed                         0x08004833   Thumb Code     6  usbd_core.o(i.USBD_LL_SetSpeed)
    USBD_LL_SetUSBAddress                    0x08004839   Thumb Code    18  usbd_conf.o(i.USBD_LL_SetUSBAddress)
    USBD_LL_SetupStage                       0x0800484b   Thumb Code    90  usbd_core.o(i.USBD_LL_SetupStage)
    USBD_LL_StallEP                          0x080048a5   Thumb Code    18  usbd_conf.o(i.USBD_LL_StallEP)
    USBD_LL_Start                            0x080048b7   Thumb Code    18  usbd_conf.o(i.USBD_LL_Start)
    USBD_LL_Suspend                          0x080048c9   Thumb Code    18  usbd_core.o(i.USBD_LL_Suspend)
    USBD_LL_Transmit                         0x080048db   Thumb Code    18  usbd_conf.o(i.USBD_LL_Transmit)
    USBD_MC_DataIn                           0x080048ed   Thumb Code    90  usbd_composite.o(i.USBD_MC_DataIn)
    USBD_MC_DataOut                          0x08004947   Thumb Code    80  usbd_composite.o(i.USBD_MC_DataOut)
    USBD_MC_DeInit                           0x08004997   Thumb Code     4  usbd_composite.o(i.USBD_MC_DeInit)
    USBD_MC_GetDeviceQualifierDescriptor     0x0800499d   Thumb Code     8  usbd_composite.o(i.USBD_MC_GetDeviceQualifierDescriptor)
    USBD_MC_GetFSCfgDesc                     0x080049a9   Thumb Code     8  usbd_composite.o(i.USBD_MC_GetFSCfgDesc)
    USBD_MC_GetHSCfgDesc                     0x080049b5   Thumb Code     8  usbd_composite.o(i.USBD_MC_GetHSCfgDesc)
    USBD_MC_GetOtherSpeedCfgDesc             0x080049c1   Thumb Code     8  usbd_composite.o(i.USBD_MC_GetOtherSpeedCfgDesc)
    USBD_MC_Init                             0x080049cd   Thumb Code   116  usbd_composite.o(i.USBD_MC_Init)
    USBD_MC_Setup                            0x08004a6d   Thumb Code   306  usbd_composite.o(i.USBD_MC_Setup)
    USBD_MSC_RegisterStorage                 0x08004ba5   Thumb Code    10  usbd_msc.o(i.USBD_MSC_RegisterStorage)
    USBD_ParseSetupRequest                   0x08004baf   Thumb Code    40  usbd_ctlreq.o(i.USBD_ParseSetupRequest)
    USBD_RegisterClass                       0x08004bd7   Thumb Code    16  usbd_core.o(i.USBD_RegisterClass)
    USBD_SetClassConfig                      0x08004be7   Thumb Code    22  usbd_core.o(i.USBD_SetClassConfig)
    USBD_Start                               0x08004c81   Thumb Code    10  usbd_core.o(i.USBD_Start)
    USBD_StdDevReq                           0x08004c8b   Thumb Code   274  usbd_ctlreq.o(i.USBD_StdDevReq)
    USBD_StdEPReq                            0x08004d9d   Thumb Code   336  usbd_ctlreq.o(i.USBD_StdEPReq)
    USBD_StdItfReq                           0x08004eed   Thumb Code    78  usbd_ctlreq.o(i.USBD_StdItfReq)
    USB_ActivateEndpoint                     0x08004f3b   Thumb Code   600  stm32l1xx_ll_usb.o(i.USB_ActivateEndpoint)
    USB_DeactivateEndpoint                   0x08005193   Thumb Code   270  stm32l1xx_ll_usb.o(i.USB_DeactivateEndpoint)
    USB_DevConnect                           0x080052a1   Thumb Code     4  stm32l1xx_ll_usb.o(i.USB_DevConnect)
    USB_DevInit                              0x080052a5   Thumb Code    18  stm32l1xx_ll_usb.o(i.USB_DevInit)
    USB_DisableGlobalInt                     0x080052b7   Thumb Code    14  stm32l1xx_ll_usb.o(i.USB_DisableGlobalInt)
    USB_EPClearStall                         0x080052c5   Thumb Code   120  stm32l1xx_ll_usb.o(i.USB_EPClearStall)
    USB_EPSetStall                           0x0800533d   Thumb Code    50  stm32l1xx_ll_usb.o(i.USB_EPSetStall)
    USB_EPStartXfer                          0x08005371   Thumb Code  1548  stm32l1xx_ll_usb.o(i.USB_EPStartXfer)
    USB_EnableGlobalInt                      0x0800597d   Thumb Code    18  stm32l1xx_ll_usb.o(i.USB_EnableGlobalInt)
    USB_LP_IRQHandler                        0x08005991   Thumb Code     6  stm32l1xx_it.o(i.USB_LP_IRQHandler)
    USB_ReadInterrupts                       0x0800599d   Thumb Code     6  stm32l1xx_ll_usb.o(i.USB_ReadInterrupts)
    USB_ReadPMA                              0x080059a5   Thumb Code    44  stm32l1xx_ll_usb.o(i.USB_ReadPMA)
    USB_SetDevAddress                        0x080059d1   Thumb Code    12  stm32l1xx_ll_usb.o(i.USB_SetDevAddress)
    USB_WritePMA                             0x080059dd   Thumb Code    38  stm32l1xx_ll_usb.o(i.USB_WritePMA)
    USER_initialize                          0x08005a03   Thumb Code     4  user_diskio.o(i.USER_initialize)
    USER_ioctl                               0x08005a07   Thumb Code     4  user_diskio.o(i.USER_ioctl)
    USER_read                                0x08005a0b   Thumb Code     4  user_diskio.o(i.USER_read)
    USER_status                              0x08005a0f   Thumb Code     4  user_diskio.o(i.USER_status)
    USER_write                               0x08005a13   Thumb Code     4  user_diskio.o(i.USER_write)
    UsageFault_Handler                       0x08005a17   Thumb Code     2  stm32l1xx_it.o(i.UsageFault_Handler)
    assert_failed                            0x08005a39   Thumb Code     2  main.o(i.assert_failed)
    disk_initialize                          0x08005aed   Thumb Code   286  mmc_stm32l1_spi.o(i.disk_initialize)
    disk_ioctl                               0x08005c19   Thumb Code   526  mmc_stm32l1_spi.o(i.disk_ioctl)
    disk_read                                0x08005e2d   Thumb Code   124  mmc_stm32l1_spi.o(i.disk_read)
    disk_status                              0x08005ead   Thumb Code    12  mmc_stm32l1_spi.o(i.disk_status)
    disk_timerproc                           0x08005ebd   Thumb Code    40  mmc_stm32l1_spi.o(i.disk_timerproc)
    disk_write                               0x08005ee9   Thumb Code   150  mmc_stm32l1_spi.o(i.disk_write)
    f_mount                                  0x08005f85   Thumb Code   118  ff.o(i.f_mount)
    ff_cre_syncobj                           0x08006001   Thumb Code    28  syscall.o(i.ff_cre_syncobj)
    ff_del_syncobj                           0x0800601d   Thumb Code    10  syscall.o(i.ff_del_syncobj)
    ff_rel_grant                             0x08006027   Thumb Code     4  syscall.o(i.ff_rel_grant)
    ff_req_grant                             0x0800602b   Thumb Code    20  syscall.o(i.ff_req_grant)
    main                                     0x0800631d   Thumb Code    50  main.o(i.main)
    osDelay                                  0x08006397   Thumb Code    14  cmsis_os.o(i.osDelay)
    osKernelStart                            0x080063a5   Thumb Code    10  cmsis_os.o(i.osKernelStart)
    osSemaphoreCreate                        0x080063af   Thumb Code    62  cmsis_os.o(i.osSemaphoreCreate)
    osSemaphoreDelete                        0x080063ed   Thumb Code    24  cmsis_os.o(i.osSemaphoreDelete)
    osSemaphoreRelease                       0x08006405   Thumb Code    74  cmsis_os.o(i.osSemaphoreRelease)
    osSemaphoreWait                          0x08006455   Thumb Code    96  cmsis_os.o(i.osSemaphoreWait)
    osThreadCreate                           0x080064b9   Thumb Code    84  cmsis_os.o(i.osThreadCreate)
    pvPortMalloc                             0x08006981   Thumb Code   210  heap_4.o(i.pvPortMalloc)
    pvTaskIncrementMutexHeldCount            0x08006a59   Thumb Code    18  tasks.o(i.pvTaskIncrementMutexHeldCount)
    pxPortInitialiseStack                    0x08006a71   Thumb Code    32  port.o(i.pxPortInitialiseStack)
    uxListRemove                             0x08006c31   Thumb Code    38  list.o(i.uxListRemove)
    vApplicationGetIdleTaskMemory            0x08006c59   Thumb Code    16  freertos.o(i.vApplicationGetIdleTaskMemory)
    vListInitialise                          0x08006c6d   Thumb Code    22  list.o(i.vListInitialise)
    vListInitialiseItem                      0x08006c83   Thumb Code     6  list.o(i.vListInitialiseItem)
    vListInsert                              0x08006c89   Thumb Code    48  list.o(i.vListInsert)
    vListInsertEnd                           0x08006cb9   Thumb Code    24  list.o(i.vListInsertEnd)
    vPortEnterCritical                       0x08006cd1   Thumb Code    54  port.o(i.vPortEnterCritical)
    vPortExitCritical                        0x08006d11   Thumb Code    34  port.o(i.vPortExitCritical)
    vPortFree                                0x08006d39   Thumb Code    88  heap_4.o(i.vPortFree)
    vPortSetupTimerInterrupt                 0x08006d95   Thumb Code    32  port.o(i.vPortSetupTimerInterrupt)
    vPortValidateInterruptPriority           0x08006db9   Thumb Code    74  port.o(i.vPortValidateInterruptPriority)
    vQueueDelete                             0x08006e0d   Thumb Code    46  queue.o(i.vQueueDelete)
    vQueueUnregisterQueue                    0x08006e3d   Thumb Code    36  queue.o(i.vQueueUnregisterQueue)
    vTaskDelay                               0x08006e65   Thumb Code    66  tasks.o(i.vTaskDelay)
    vTaskInternalSetTimeOutState             0x08006eb1   Thumb Code    12  tasks.o(i.vTaskInternalSetTimeOutState)
    vTaskMissedYield                         0x08006ec1   Thumb Code     8  tasks.o(i.vTaskMissedYield)
    vTaskPlaceOnEventList                    0x08006ecd   Thumb Code    44  tasks.o(i.vTaskPlaceOnEventList)
    vTaskPriorityDisinheritAfterTimeout      0x08006efd   Thumb Code   160  tasks.o(i.vTaskPriorityDisinheritAfterTimeout)
    vTaskStartScheduler                      0x08006fa5   Thumb Code    90  tasks.o(i.vTaskStartScheduler)
    vTaskSuspendAll                          0x08007011   Thumb Code    10  tasks.o(i.vTaskSuspendAll)
    vTaskSwitchContext                       0x08007021   Thumb Code    82  tasks.o(i.vTaskSwitchContext)
    xPortStartScheduler                      0x0800709d   Thumb Code   154  port.o(i.xPortStartScheduler)
    xQueueGenericCreate                      0x08007145   Thumb Code    72  queue.o(i.xQueueGenericCreate)
    xQueueGenericCreateStatic                0x0800718d   Thumb Code   102  queue.o(i.xQueueGenericCreateStatic)
    xQueueGenericReset                       0x080071f5   Thumb Code   132  queue.o(i.xQueueGenericReset)
    xQueueGenericSend                        0x0800727d   Thumb Code   346  queue.o(i.xQueueGenericSend)
    xQueueGiveFromISR                        0x080073dd   Thumb Code   156  queue.o(i.xQueueGiveFromISR)
    xQueueReceiveFromISR                     0x08007479   Thumb Code   154  queue.o(i.xQueueReceiveFromISR)
    xQueueSemaphoreTake                      0x08007515   Thumb Code   372  queue.o(i.xQueueSemaphoreTake)
    xTaskCheckForTimeOut                     0x0800768d   Thumb Code   112  tasks.o(i.xTaskCheckForTimeOut)
    xTaskCreate                              0x08007701   Thumb Code    90  tasks.o(i.xTaskCreate)
    xTaskCreateStatic                        0x0800775b   Thumb Code    86  tasks.o(i.xTaskCreateStatic)
    xTaskGetSchedulerState                   0x080077b1   Thumb Code    22  tasks.o(i.xTaskGetSchedulerState)
    xTaskIncrementTick                       0x080077cd   Thumb Code   192  tasks.o(i.xTaskIncrementTick)
    xTaskPriorityDisinherit                  0x08007895   Thumb Code   144  tasks.o(i.xTaskPriorityDisinherit)
    xTaskPriorityInherit                     0x0800792d   Thumb Code   138  tasks.o(i.xTaskPriorityInherit)
    xTaskRemoveFromEventList                 0x080079c1   Thumb Code   108  tasks.o(i.xTaskRemoveFromEventList)
    xTaskResumeAll                           0x08007a35   Thumb Code   182  tasks.o(i.xTaskResumeAll)
    STORAGE_Inquirydata_FS                   0x08007ba0   Data          36  usbd_storage_if.o(.constdata)
    PLLMulTable                              0x08007bc4   Data           9  system_stm32l1xx.o(.constdata)
    AHBPrescTable                            0x08007bcd   Data          16  system_stm32l1xx.o(.constdata)
    APBPrescTable                            0x08007bdd   Data           8  system_stm32l1xx.o(.constdata)
    MSC_Page00_Inquiry_Data                  0x08007be5   Data           7  usbd_msc_data.o(.constdata)
    MSC_Mode_Sense6_data                     0x08007bec   Data           8  usbd_msc_data.o(.constdata)
    MSC_Mode_Sense10_data                    0x08007bf4   Data           8  usbd_msc_data.o(.constdata)
    Region$$Table$$Base                      0x08007c08   Number         0  anon$$obj.o(Region$$Table)
    Region$$Table$$Limit                     0x08007c28   Number         0  anon$$obj.o(Region$$Table)
    defaultTaskHandle                        0x20000000   Data           4  freertos.o(.data)
    USER_Driver                              0x20000004   Data          20  user_diskio.o(.data)
    Retry                                    0x20000018   Data           1  fatfs.o(.data)
    retUSER                                  0x20000019   Data           1  fatfs.o(.data)
    USERPath                                 0x2000001a   Data           4  fatfs.o(.data)
    FS_Desc                                  0x20000020   Data          28  usbd_desc.o(.data)
    USBD_LangIDDesc                          0x2000003c   Data           4  usbd_desc.o(.data)
    USBD_FS_DeviceDesc                       0x20000040   Data          18  usbd_desc.o(.data)
    USBD_StringSerial                        0x20000054   Data          26  usbd_desc.o(.data)
    USBD_Storage_Interface_fops_FS           0x20000070   Data          32  usbd_storage_if.o(.data)
    _block_num                               0x20000090   Data           4  usbd_storage_if.o(.data)
    _block_size                              0x20000094   Data           4  usbd_storage_if.o(.data)
    uwTickPrio                               0x20000098   Data           4  stm32l1xx_hal.o(.data)
    uwTickFreq                               0x2000009c   Data           4  stm32l1xx_hal.o(.data)
    uwTick                                   0x200000a0   Data           4  stm32l1xx_hal.o(.data)
    SystemCoreClock                          0x200000a4   Data           4  system_stm32l1xx.o(.data)
    USBD_MC                                  0x200000c0   Data          56  usbd_composite.o(.data)
    USBD_MC_CfgDesc                          0x200000f9   Data         106  usbd_composite.o(.data)
    USBD_MC_DeviceQualifierDesc              0x20000163   Data          10  usbd_composite.o(.data)
    CDC_FLAG                                 0x20000170   Data           8  usbd_cdc_if.o(.data)
    USBD_Interface_fops_FS                   0x20000178   Data          16  usbd_cdc_if.o(.data)
    pxCurrentTCB                             0x20000188   Data           4  tasks.o(.data)
    hspi3                                    0x2000043c   Data          88  spi.o(.bss)
    htim3                                    0x20000494   Data          64  tim.o(.bss)
    htim2                                    0x200004d4   Data          64  stm32l1xx_hal_timebase_tim.o(.bss)
    USERFatFS                                0x20000514   Data         564  fatfs.o(.bss)
    hUsbDeviceFS                             0x20000748   Data         668  usb_device.o(.bss)
    USBD_StrDesc                             0x200009e4   Data         512  usbd_desc.o(.bss)
    hpcd_USB_FS                              0x20000e54   Data         748  usbd_conf.o(.bss)
    disk                                     0x20001160   Data          12  ff_gen_drv.o(.bss)
    UserRxBufferFS                           0x200015f4   Data        2048  usbd_cdc_if.o(.bss)
    UserTxBufferFS                           0x20001df4   Data        2048  usbd_cdc_if.o(.bss)
    xQueueRegistry                           0x200025f4   Data          64  queue.o(.bss)
    __libspace_start                         0x20007724   Data          96  libspace.o(.bss)
    __temporary_stack_top$libspace           0x20007784   Data           0  libspace.o(.bss)



==============================================================================

Memory Map of the image

  Image Entry point : 0x08000125

  Load Region LR_IROM1 (Base: 0x08000000, Size: 0x00007e10, Max: 0x00080000, ABSOLUTE, COMPRESSED[0x00007d2c])

    Execution Region ER_IROM1 (Exec base: 0x08000000, Load base: 0x08000000, Size: 0x00007c28, Max: 0x00080000, ABSOLUTE)

    Exec Addr    Load Addr    Size         Type   Attr      Idx    E Section Name        Object

    0x08000000   0x08000000   0x00000124   Data   RO            3    RESET               startup_stm32l151xe.o
    0x08000124   0x08000124   0x00000008   Code   RO         6395  * !!!main             c_w.l(__main.o)
    0x0800012c   0x0800012c   0x00000034   Code   RO         6566    !!!scatter          c_w.l(__scatter.o)
    0x08000160   0x08000160   0x0000005a   Code   RO         6564    !!dczerorl2         c_w.l(__dczerorl2.o)
    0x080001ba   0x080001ba   0x00000002   PAD
    0x080001bc   0x080001bc   0x0000001c   Code   RO         6568    !!handler_zi        c_w.l(__scatter_zi.o)
    0x080001d8   0x080001d8   0x00000002   Code   RO         6434    .ARM.Collect$$libinit$$00000000  c_w.l(libinit.o)
    0x080001da   0x080001da   0x00000000   Code   RO         6447    .ARM.Collect$$libinit$$00000002  c_w.l(libinit2.o)
    0x080001da   0x080001da   0x00000000   Code   RO         6449    .ARM.Collect$$libinit$$00000004  c_w.l(libinit2.o)
    0x080001da   0x080001da   0x00000000   Code   RO         6452    .ARM.Collect$$libinit$$0000000A  c_w.l(libinit2.o)
    0x080001da   0x080001da   0x00000000   Code   RO         6454    .ARM.Collect$$libinit$$0000000C  c_w.l(libinit2.o)
    0x080001da   0x080001da   0x00000000   Code   RO         6456    .ARM.Collect$$libinit$$0000000E  c_w.l(libinit2.o)
    0x080001da   0x080001da   0x00000000   Code   RO         6459    .ARM.Collect$$libinit$$00000011  c_w.l(libinit2.o)
    0x080001da   0x080001da   0x00000000   Code   RO         6461    .ARM.Collect$$libinit$$00000013  c_w.l(libinit2.o)
    0x080001da   0x080001da   0x00000000   Code   RO         6463    .ARM.Collect$$libinit$$00000015  c_w.l(libinit2.o)
    0x080001da   0x080001da   0x00000000   Code   RO         6465    .ARM.Collect$$libinit$$00000017  c_w.l(libinit2.o)
    0x080001da   0x080001da   0x00000000   Code   RO         6467    .ARM.Collect$$libinit$$00000019  c_w.l(libinit2.o)
    0x080001da   0x080001da   0x00000000   Code   RO         6469    .ARM.Collect$$libinit$$0000001B  c_w.l(libinit2.o)
    0x080001da   0x080001da   0x00000000   Code   RO         6471    .ARM.Collect$$libinit$$0000001D  c_w.l(libinit2.o)
    0x080001da   0x080001da   0x00000000   Code   RO         6473    .ARM.Collect$$libinit$$0000001F  c_w.l(libinit2.o)
    0x080001da   0x080001da   0x00000000   Code   RO         6475    .ARM.Collect$$libinit$$00000021  c_w.l(libinit2.o)
    0x080001da   0x080001da   0x00000000   Code   RO         6477    .ARM.Collect$$libinit$$00000023  c_w.l(libinit2.o)
    0x080001da   0x080001da   0x00000000   Code   RO         6479    .ARM.Collect$$libinit$$00000025  c_w.l(libinit2.o)
    0x080001da   0x080001da   0x00000000   Code   RO         6483    .ARM.Collect$$libinit$$0000002C  c_w.l(libinit2.o)
    0x080001da   0x080001da   0x00000000   Code   RO         6485    .ARM.Collect$$libinit$$0000002E  c_w.l(libinit2.o)
    0x080001da   0x080001da   0x00000000   Code   RO         6487    .ARM.Collect$$libinit$$00000030  c_w.l(libinit2.o)
    0x080001da   0x080001da   0x00000000   Code   RO         6489    .ARM.Collect$$libinit$$00000032  c_w.l(libinit2.o)
    0x080001da   0x080001da   0x00000002   Code   RO         6490    .ARM.Collect$$libinit$$00000033  c_w.l(libinit2.o)
    0x080001dc   0x080001dc   0x00000002   Code   RO         6521    .ARM.Collect$$libshutdown$$00000000  c_w.l(libshutdown.o)
    0x080001de   0x080001de   0x00000000   Code   RO         6547    .ARM.Collect$$libshutdown$$00000002  c_w.l(libshutdown2.o)
    0x080001de   0x080001de   0x00000000   Code   RO         6549    .ARM.Collect$$libshutdown$$00000004  c_w.l(libshutdown2.o)
    0x080001de   0x080001de   0x00000000   Code   RO         6552    .ARM.Collect$$libshutdown$$00000007  c_w.l(libshutdown2.o)
    0x080001de   0x080001de   0x00000000   Code   RO         6555    .ARM.Collect$$libshutdown$$0000000A  c_w.l(libshutdown2.o)
    0x080001de   0x080001de   0x00000000   Code   RO         6557    .ARM.Collect$$libshutdown$$0000000C  c_w.l(libshutdown2.o)
    0x080001de   0x080001de   0x00000000   Code   RO         6560    .ARM.Collect$$libshutdown$$0000000F  c_w.l(libshutdown2.o)
    0x080001de   0x080001de   0x00000002   Code   RO         6561    .ARM.Collect$$libshutdown$$00000010  c_w.l(libshutdown2.o)
    0x080001e0   0x080001e0   0x00000000   Code   RO         6397    .ARM.Collect$$rtentry$$00000000  c_w.l(__rtentry.o)
    0x080001e0   0x080001e0   0x00000000   Code   RO         6405    .ARM.Collect$$rtentry$$00000002  c_w.l(__rtentry2.o)
    0x080001e0   0x080001e0   0x00000006   Code   RO         6417    .ARM.Collect$$rtentry$$00000004  c_w.l(__rtentry4.o)
    0x080001e6   0x080001e6   0x00000000   Code   RO         6407    .ARM.Collect$$rtentry$$00000009  c_w.l(__rtentry2.o)
    0x080001e6   0x080001e6   0x00000004   Code   RO         6408    .ARM.Collect$$rtentry$$0000000A  c_w.l(__rtentry2.o)
    0x080001ea   0x080001ea   0x00000000   Code   RO         6410    .ARM.Collect$$rtentry$$0000000C  c_w.l(__rtentry2.o)
    0x080001ea   0x080001ea   0x00000008   Code   RO         6411    .ARM.Collect$$rtentry$$0000000D  c_w.l(__rtentry2.o)
    0x080001f2   0x080001f2   0x00000002   Code   RO         6438    .ARM.Collect$$rtexit$$00000000  c_w.l(rtexit.o)
    0x080001f4   0x080001f4   0x00000000   Code   RO         6494    .ARM.Collect$$rtexit$$00000002  c_w.l(rtexit2.o)
    0x080001f4   0x080001f4   0x00000004   Code   RO         6495    .ARM.Collect$$rtexit$$00000003  c_w.l(rtexit2.o)
    0x080001f8   0x080001f8   0x00000006   Code   RO         6496    .ARM.Collect$$rtexit$$00000004  c_w.l(rtexit2.o)
    0x080001fe   0x080001fe   0x00000002   PAD
    0x08000200   0x08000200   0x00000096   Code   RO         6304    .emb_text           port.o
    0x08000296   0x08000296   0x00000002   PAD
    0x08000298   0x08000298   0x00000040   Code   RO            4    .text               startup_stm32l151xe.o
    0x080002d8   0x080002d8   0x000000ee   Code   RO         6383    .text               c_w.l(lludivv7m.o)
    0x080003c6   0x080003c6   0x0000008a   Code   RO         6385    .text               c_w.l(rt_memcpy_v6.o)
    0x08000450   0x08000450   0x00000064   Code   RO         6387    .text               c_w.l(rt_memcpy_w.o)
    0x080004b4   0x080004b4   0x0000004e   Code   RO         6391    .text               c_w.l(rt_memclr_w.o)
    0x08000502   0x08000502   0x00000006   Code   RO         6393    .text               c_w.l(heapauxi.o)
    0x08000508   0x08000508   0x0000004a   Code   RO         6421    .text               c_w.l(sys_stackheap_outer.o)
    0x08000552   0x08000552   0x00000012   Code   RO         6423    .text               c_w.l(exit.o)
    0x08000564   0x08000564   0x00000008   Code   RO         6435    .text               c_w.l(libspace.o)
    0x0800056c   0x0800056c   0x0000000c   Code   RO         6491    .text               c_w.l(sys_exit.o)
    0x08000578   0x08000578   0x00000002   Code   RO         6510    .text               c_w.l(use_no_semi.o)
    0x0800057a   0x0800057a   0x00000000   Code   RO         6512    .text               c_w.l(indicate_semi.o)
    0x0800057a   0x0800057a   0x00000002   Code   RO          420    i.BusFault_Handler  stm32l1xx_it.o
    0x0800057c   0x0800057c   0x00000004   Code   RO         5073    i.CDC_Control_FS    usbd_cdc_if.o
    0x08000580   0x08000580   0x00000004   Code   RO         5074    i.CDC_DeInit_FS     usbd_cdc_if.o
    0x08000584   0x08000584   0x00000024   Code   RO         5075    i.CDC_Init_FS       usbd_cdc_if.o
    0x080005a8   0x080005a8   0x00000058   Code   RO         5076    i.CDC_Receive_FS    usbd_cdc_if.o
    0x08000600   0x08000600   0x00000002   Code   RO          421    i.DebugMon_Handler  stm32l1xx_it.o
    0x08000602   0x08000602   0x00000004   Code   RO           13    i.Error_Handler     main.o
    0x08000606   0x08000606   0x00000006   Code   RO         4160    i.FATFS_LinkDriver  ff_gen_drv.o
    0x0800060c   0x0800060c   0x00000040   Code   RO         4161    i.FATFS_LinkDriverEx  ff_gen_drv.o
    0x0800064c   0x0800064c   0x00000050   Code   RO         4771    i.FCLK_SLOW         mmc_stm32l1_spi.o
    0x0800069c   0x0800069c   0x00000024   Code   RO         1520    i.HAL_Delay         stm32l1xx_hal.o
    0x080006c0   0x080006c0   0x000001a8   Code   RO         2179    i.HAL_GPIO_DeInit   stm32l1xx_hal_gpio.o
    0x08000868   0x08000868   0x000002dc   Code   RO         2182    i.HAL_GPIO_Init     stm32l1xx_hal_gpio.o
    0x08000b44   0x08000b44   0x0000006c   Code   RO         2186    i.HAL_GPIO_WritePin  stm32l1xx_hal_gpio.o
    0x08000bb0   0x08000bb0   0x0000000c   Code   RO         1524    i.HAL_GetTick       stm32l1xx_hal.o
    0x08000bbc   0x08000bbc   0x00000010   Code   RO         1530    i.HAL_IncTick       stm32l1xx_hal.o
    0x08000bcc   0x08000bcc   0x0000001e   Code   RO         1531    i.HAL_Init          stm32l1xx_hal.o
    0x08000bea   0x08000bea   0x00000002   PAD
    0x08000bec   0x08000bec   0x00000070   Code   RO          520    i.HAL_InitTick      stm32l1xx_hal_timebase_tim.o
    0x08000c5c   0x08000c5c   0x00000048   Code   RO          496    i.HAL_MspInit       stm32l1xx_hal_msp.o
    0x08000ca4   0x08000ca4   0x00000064   Code   RO         2525    i.HAL_NVIC_EnableIRQ  stm32l1xx_hal_cortex.o
    0x08000d08   0x08000d08   0x000000a0   Code   RO         2531    i.HAL_NVIC_SetPriority  stm32l1xx_hal_cortex.o
    0x08000da8   0x08000da8   0x00000080   Code   RO         2532    i.HAL_NVIC_SetPriorityGrouping  stm32l1xx_hal_cortex.o
    0x08000e28   0x08000e28   0x0000003c   Code   RO         1341    i.HAL_PCDEx_PMAConfig  stm32l1xx_hal_pcd_ex.o
    0x08000e64   0x08000e64   0x0000001c   Code   RO          896    i.HAL_PCDEx_SetConnectionState  usbd_conf.o
    0x08000e80   0x08000e80   0x00000012   Code   RO          898    i.HAL_PCD_DataInStageCallback  usbd_conf.o
    0x08000e92   0x08000e92   0x00000014   Code   RO          899    i.HAL_PCD_DataOutStageCallback  usbd_conf.o
    0x08000ea6   0x08000ea6   0x0000004c   Code   RO         1117    i.HAL_PCD_EP_Close  stm32l1xx_hal_pcd.o
    0x08000ef2   0x08000ef2   0x0000005c   Code   RO         1118    i.HAL_PCD_EP_ClrStall  stm32l1xx_hal_pcd.o
    0x08000f4e   0x08000f4e   0x000000e6   Code   RO         1119    i.HAL_PCD_EP_DB_Receive  stm32l1xx_hal_pcd.o
    0x08001034   0x08001034   0x00000330   Code   RO         1120    i.HAL_PCD_EP_DB_Transmit  stm32l1xx_hal_pcd.o
    0x08001364   0x08001364   0x00000004   Code   RO         1121    i.HAL_PCD_EP_Flush  stm32l1xx_hal_pcd.o
    0x08001368   0x08001368   0x00000012   Code   RO         1122    i.HAL_PCD_EP_GetRxCount  stm32l1xx_hal_pcd.o
    0x0800137a   0x0800137a   0x00000060   Code   RO         1123    i.HAL_PCD_EP_Open   stm32l1xx_hal_pcd.o
    0x080013da   0x080013da   0x00000032   Code   RO         1124    i.HAL_PCD_EP_Receive  stm32l1xx_hal_pcd.o
    0x0800140c   0x0800140c   0x00000060   Code   RO         1125    i.HAL_PCD_EP_SetStall  stm32l1xx_hal_pcd.o
    0x0800146c   0x0800146c   0x00000034   Code   RO         1126    i.HAL_PCD_EP_Transmit  stm32l1xx_hal_pcd.o
    0x080014a0   0x080014a0   0x00000100   Code   RO         1128    i.HAL_PCD_IRQHandler  stm32l1xx_hal_pcd.o
    0x080015a0   0x080015a0   0x000000f4   Code   RO         1131    i.HAL_PCD_Init      stm32l1xx_hal_pcd.o
    0x08001694   0x08001694   0x0000003c   Code   RO          904    i.HAL_PCD_MspInit   usbd_conf.o
    0x080016d0   0x080016d0   0x00000026   Code   RO          905    i.HAL_PCD_ResetCallback  usbd_conf.o
    0x080016f6   0x080016f6   0x00000008   Code   RO          906    i.HAL_PCD_ResumeCallback  usbd_conf.o
    0x080016fe   0x080016fe   0x00000008   Code   RO          907    i.HAL_PCD_SOFCallback  usbd_conf.o
    0x08001706   0x08001706   0x00000028   Code   RO         1137    i.HAL_PCD_SetAddress  stm32l1xx_hal_pcd.o
    0x0800172e   0x0800172e   0x0000000e   Code   RO          908    i.HAL_PCD_SetupStageCallback  usbd_conf.o
    0x0800173c   0x0800173c   0x00000032   Code   RO         1139    i.HAL_PCD_Start     stm32l1xx_hal_pcd.o
    0x0800176e   0x0800176e   0x00000002   PAD
    0x08001770   0x08001770   0x00000024   Code   RO          909    i.HAL_PCD_SuspendCallback  usbd_conf.o
    0x08001794   0x08001794   0x00000284   Code   RO         1688    i.HAL_RCC_ClockConfig  stm32l1xx_hal_rcc.o
    0x08001a18   0x08001a18   0x00000094   Code   RO         1692    i.HAL_RCC_GetClockConfig  stm32l1xx_hal_rcc.o
    0x08001aac   0x08001aac   0x00000020   Code   RO         1695    i.HAL_RCC_GetPCLK1Freq  stm32l1xx_hal_rcc.o
    0x08001acc   0x08001acc   0x00000064   Code   RO         1697    i.HAL_RCC_GetSysClockFreq  stm32l1xx_hal_rcc.o
    0x08001b30   0x08001b30   0x0000062c   Code   RO         1700    i.HAL_RCC_OscConfig  stm32l1xx_hal_rcc.o
    0x0800215c   0x0800215c   0x00000090   Code   RO         2733    i.HAL_SPI_DeInit    stm32l1xx_hal_spi.o
    0x080021ec   0x080021ec   0x0000024c   Code   RO         2738    i.HAL_SPI_Init      stm32l1xx_hal_spi.o
    0x08002438   0x08002438   0x0000002c   Code   RO          336    i.HAL_SPI_MspDeInit  spi.o
    0x08002464   0x08002464   0x0000006c   Code   RO          337    i.HAL_SPI_MspInit   spi.o
    0x080024d0   0x080024d0   0x000001b4   Code   RO         2746    i.HAL_SPI_Transmit  stm32l1xx_hal_spi.o
    0x08002684   0x08002684   0x00000228   Code   RO         2747    i.HAL_SPI_TransmitReceive  stm32l1xx_hal_spi.o
    0x080028ac   0x080028ac   0x00000120   Code   RO         3750    i.HAL_TIMEx_MasterConfigSynchronization  stm32l1xx_hal_tim_ex.o
    0x080029cc   0x080029cc   0x00000130   Code   RO         3051    i.HAL_TIM_Base_Init  stm32l1xx_hal_tim.o
    0x08002afc   0x08002afc   0x0000003c   Code   RO          379    i.HAL_TIM_Base_MspInit  tim.o
    0x08002b38   0x08002b38   0x000000e8   Code   RO         3056    i.HAL_TIM_Base_Start_IT  stm32l1xx_hal_tim.o
    0x08002c20   0x08002c20   0x000003a8   Code   RO         3060    i.HAL_TIM_ConfigClockSource  stm32l1xx_hal_tim.o
    0x08002fc8   0x08002fc8   0x00000002   Code   RO         3085    i.HAL_TIM_IC_CaptureCallback  stm32l1xx_hal_tim.o
    0x08002fca   0x08002fca   0x00000126   Code   RO         3099    i.HAL_TIM_IRQHandler  stm32l1xx_hal_tim.o
    0x080030f0   0x080030f0   0x00000002   Code   RO         3102    i.HAL_TIM_OC_DelayElapsedCallback  stm32l1xx_hal_tim.o
    0x080030f2   0x080030f2   0x00000002   Code   RO         3129    i.HAL_TIM_PWM_PulseFinishedCallback  stm32l1xx_hal_tim.o
    0x080030f4   0x080030f4   0x0000000e   Code   RO           14    i.HAL_TIM_PeriodElapsedCallback  main.o
    0x08003102   0x08003102   0x00000002   Code   RO         3142    i.HAL_TIM_TriggerCallback  stm32l1xx_hal_tim.o
    0x08003104   0x08003104   0x00000002   Code   RO          422    i.HardFault_Handler  stm32l1xx_it.o
    0x08003106   0x08003106   0x00000002   PAD
    0x08003108   0x08003108   0x00000038   Code   RO          732    i.IntToUnicode      usbd_desc.o
    0x08003140   0x08003140   0x0000001c   Code   RO         4973    i.MC_Switch_CDC     usbd_composite.o
    0x0800315c   0x0800315c   0x0000001c   Code   RO         4974    i.MC_Switch_MSC     usbd_composite.o
    0x08003178   0x08003178   0x00000042   Code   RO         4606    i.MSC_BOT_Abort     usbd_msc_bot.o
    0x080031ba   0x080031ba   0x00000002   PAD
    0x080031bc   0x080031bc   0x000000cc   Code   RO         4607    i.MSC_BOT_CBW_Decode  usbd_msc_bot.o
    0x08003288   0x08003288   0x0000002a   Code   RO         4608    i.MSC_BOT_CplClrFeature  usbd_msc_bot.o
    0x080032b2   0x080032b2   0x0000003a   Code   RO         4609    i.MSC_BOT_DataIn    usbd_msc_bot.o
    0x080032ec   0x080032ec   0x0000003a   Code   RO         4610    i.MSC_BOT_DataOut   usbd_msc_bot.o
    0x08003326   0x08003326   0x00000042   Code   RO         4612    i.MSC_BOT_Init      usbd_msc_bot.o
    0x08003368   0x08003368   0x00000018   Code   RO         4613    i.MSC_BOT_Reset     usbd_msc_bot.o
    0x08003380   0x08003380   0x0000003c   Code   RO         4614    i.MSC_BOT_SendCSW   usbd_msc_bot.o
    0x080033bc   0x080033bc   0x00000060   Code   RO          628    i.MX_FATFS_Init     fatfs.o
    0x0800341c   0x0800341c   0x00000028   Code   RO          283    i.MX_FREERTOS_Init  freertos.o
    0x08003444   0x08003444   0x000000f0   Code   RO          259    i.MX_GPIO_Init      gpio.o
    0x08003534   0x08003534   0x00000070   Code   RO          380    i.MX_TIM3_Init      tim.o
    0x080035a4   0x080035a4   0x00000040   Code   RO          669    i.MX_USB_DEVICE_Init  usb_device.o
    0x080035e4   0x080035e4   0x00000002   Code   RO          423    i.MemManage_Handler  stm32l1xx_it.o
    0x080035e6   0x080035e6   0x00000002   Code   RO          424    i.NMI_Handler       stm32l1xx_it.o
    0x080035e8   0x080035e8   0x00000314   Code   RO         1143    i.PCD_EP_ISR_Handler  stm32l1xx_hal_pcd.o
    0x080038fc   0x080038fc   0x00000080   Code   RO         1701    i.RCC_SetFlashLatencyFromMSIRange  stm32l1xx_hal_rcc.o
    0x0800397c   0x0800397c   0x00000022   Code   RO         4702    i.SCSI_CheckAddressRange  usbd_msc_scsi.o
    0x0800399e   0x0800399e   0x00000002   PAD
    0x080039a0   0x080039a0   0x000001d0   Code   RO         4703    i.SCSI_ProcessCmd   usbd_msc_scsi.o
    0x08003b70   0x08003b70   0x00000096   Code   RO         4704    i.SCSI_ProcessRead  usbd_msc_scsi.o
    0x08003c06   0x08003c06   0x000000a4   Code   RO         4705    i.SCSI_ProcessWrite  usbd_msc_scsi.o
    0x08003caa   0x08003caa   0x0000009a   Code   RO         4706    i.SCSI_Read10       usbd_msc_scsi.o
    0x08003d44   0x08003d44   0x00000056   Code   RO         4707    i.SCSI_ReadCapacity10  usbd_msc_scsi.o
    0x08003d9a   0x08003d9a   0x0000006e   Code   RO         4708    i.SCSI_ReadFormatCapacity  usbd_msc_scsi.o
    0x08003e08   0x08003e08   0x00000034   Code   RO         4709    i.SCSI_SenseCode    usbd_msc_scsi.o
    0x08003e3c   0x08003e3c   0x000000be   Code   RO         4710    i.SCSI_Write10      usbd_msc_scsi.o
    0x08003efa   0x08003efa   0x00000002   PAD
    0x08003efc   0x08003efc   0x00000058   Code   RO         2776    i.SPI_EndRxTxTransaction  stm32l1xx_hal_spi.o
    0x08003f54   0x08003f54   0x000000b8   Code   RO         2781    i.SPI_WaitFlagStateUntilTimeout  stm32l1xx_hal_spi.o
    0x0800400c   0x0800400c   0x00000014   Code   RO          818    i.STORAGE_GetCapacity_FS  usbd_storage_if.o
    0x08004020   0x08004020   0x00000004   Code   RO          819    i.STORAGE_GetMaxLun_FS  usbd_storage_if.o
    0x08004024   0x08004024   0x00000004   Code   RO          820    i.STORAGE_Init_FS   usbd_storage_if.o
    0x08004028   0x08004028   0x00000004   Code   RO          821    i.STORAGE_IsReady_FS  usbd_storage_if.o
    0x0800402c   0x0800402c   0x00000004   Code   RO          822    i.STORAGE_IsWriteProtected_FS  usbd_storage_if.o
    0x08004030   0x08004030   0x0000000c   Code   RO          823    i.STORAGE_Read_FS   usbd_storage_if.o
    0x0800403c   0x0800403c   0x0000000c   Code   RO          824    i.STORAGE_Write_FS  usbd_storage_if.o
    0x08004048   0x08004048   0x0000000c   Code   RO          284    i.StartDefaultTask  freertos.o
    0x08004054   0x08004054   0x0000002c   Code   RO         6305    i.SysTick_Handler   port.o
    0x08004080   0x08004080   0x00000074   Code   RO           15    i.SystemClock_Config  main.o
    0x080040f4   0x080040f4   0x00000002   Code   RO         3781    i.SystemInit        system_stm32l1xx.o
    0x080040f6   0x080040f6   0x00000002   PAD
    0x080040f8   0x080040f8   0x00000014   Code   RO          425    i.TIM2_IRQHandler   stm32l1xx_it.o
    0x0800410c   0x0800410c   0x0000000c   Code   RO          426    i.TIM3_IRQHandler   stm32l1xx_it.o
    0x08004118   0x08004118   0x00000084   Code   RO         3144    i.TIM_Base_SetConfig  stm32l1xx_hal_tim.o
    0x0800419c   0x0800419c   0x00000014   Code   RO         3155    i.TIM_ETR_SetConfig  stm32l1xx_hal_tim.o
    0x080041b0   0x080041b0   0x00000010   Code   RO         3156    i.TIM_ITRx_SetConfig  stm32l1xx_hal_tim.o
    0x080041c0   0x080041c0   0x00000022   Code   RO         3162    i.TIM_TI1_ConfigInputStage  stm32l1xx_hal_tim.o
    0x080041e2   0x080041e2   0x00000024   Code   RO         3164    i.TIM_TI2_ConfigInputStage  stm32l1xx_hal_tim.o
    0x08004206   0x08004206   0x00000028   Code   RO         4876    i.USBD_CDC_ReceivePacket  usbd_cdc.o
    0x0800422e   0x0800422e   0x00000010   Code   RO         4877    i.USBD_CDC_RegisterInterface  usbd_cdc.o
    0x0800423e   0x0800423e   0x0000000c   Code   RO         4878    i.USBD_CDC_SetRxBuffer  usbd_cdc.o
    0x0800424a   0x0800424a   0x00000010   Code   RO         4879    i.USBD_CDC_SetTxBuffer  usbd_cdc.o
    0x0800425a   0x0800425a   0x0000000e   Code   RO         4258    i.USBD_ClrClassConfig  usbd_core.o
    0x08004268   0x08004268   0x00000010   Code   RO         4461    i.USBD_CtlContinueRx  usbd_ioreq.o
    0x08004278   0x08004278   0x00000010   Code   RO         4462    i.USBD_CtlContinueSendData  usbd_ioreq.o
    0x08004288   0x08004288   0x00000016   Code   RO         4396    i.USBD_CtlError     usbd_ctlreq.o
    0x0800429e   0x0800429e   0x0000001e   Code   RO         4463    i.USBD_CtlPrepareRx  usbd_ioreq.o
    0x080042bc   0x080042bc   0x00000016   Code   RO         4464    i.USBD_CtlReceiveStatus  usbd_ioreq.o
    0x080042d2   0x080042d2   0x0000001a   Code   RO         4465    i.USBD_CtlSendData  usbd_ioreq.o
    0x080042ec   0x080042ec   0x00000016   Code   RO         4466    i.USBD_CtlSendStatus  usbd_ioreq.o
    0x08004302   0x08004302   0x00000002   PAD
    0x08004304   0x08004304   0x00000020   Code   RO          733    i.USBD_FS_ConfigStrDescriptor  usbd_desc.o
    0x08004324   0x08004324   0x0000000c   Code   RO          734    i.USBD_FS_DeviceDescriptor  usbd_desc.o
    0x08004330   0x08004330   0x00000024   Code   RO          735    i.USBD_FS_InterfaceStrDescriptor  usbd_desc.o
    0x08004354   0x08004354   0x0000000c   Code   RO          736    i.USBD_FS_LangIDStrDescriptor  usbd_desc.o
    0x08004360   0x08004360   0x00000028   Code   RO          737    i.USBD_FS_ManufacturerStrDescriptor  usbd_desc.o
    0x08004388   0x08004388   0x00000028   Code   RO          738    i.USBD_FS_ProductStrDescriptor  usbd_desc.o
    0x080043b0   0x080043b0   0x00000034   Code   RO          739    i.USBD_FS_SerialStrDescriptor  usbd_desc.o
    0x080043e4   0x080043e4   0x000000e8   Code   RO         4397    i.USBD_GetDescriptor  usbd_ctlreq.o
    0x080044cc   0x080044cc   0x00000048   Code   RO         4398    i.USBD_GetString    usbd_ctlreq.o
    0x08004514   0x08004514   0x00000018   Code   RO          910    i.USBD_Get_USB_Status  usbd_conf.o
    0x0800452c   0x0800452c   0x0000002a   Code   RO         4260    i.USBD_Init         usbd_core.o
    0x08004556   0x08004556   0x00000012   Code   RO          911    i.USBD_LL_ClearStallEP  usbd_conf.o
    0x08004568   0x08004568   0x00000012   Code   RO          912    i.USBD_LL_CloseEP   usbd_conf.o
    0x0800457a   0x0800457a   0x000000c6   Code   RO         4261    i.USBD_LL_DataInStage  usbd_core.o
    0x08004640   0x08004640   0x00000082   Code   RO         4262    i.USBD_LL_DataOutStage  usbd_core.o
    0x080046c2   0x080046c2   0x00000012   Code   RO          915    i.USBD_LL_FlushEP   usbd_conf.o
    0x080046d4   0x080046d4   0x00000008   Code   RO          916    i.USBD_LL_GetRxDataSize  usbd_conf.o
    0x080046dc   0x080046dc   0x00000098   Code   RO          917    i.USBD_LL_Init      usbd_conf.o
    0x08004774   0x08004774   0x00000020   Code   RO          918    i.USBD_LL_IsStallEP  usbd_conf.o
    0x08004794   0x08004794   0x00000018   Code   RO          919    i.USBD_LL_OpenEP    usbd_conf.o
    0x080047ac   0x080047ac   0x00000012   Code   RO          920    i.USBD_LL_PrepareReceive  usbd_conf.o
    0x080047be   0x080047be   0x00000050   Code   RO         4267    i.USBD_LL_Reset     usbd_core.o
    0x0800480e   0x0800480e   0x0000000c   Code   RO         4268    i.USBD_LL_Resume    usbd_core.o
    0x0800481a   0x0800481a   0x00000018   Code   RO         4269    i.USBD_LL_SOF       usbd_core.o
    0x08004832   0x08004832   0x00000006   Code   RO         4270    i.USBD_LL_SetSpeed  usbd_core.o
    0x08004838   0x08004838   0x00000012   Code   RO          921    i.USBD_LL_SetUSBAddress  usbd_conf.o
    0x0800484a   0x0800484a   0x0000005a   Code   RO         4271    i.USBD_LL_SetupStage  usbd_core.o
    0x080048a4   0x080048a4   0x00000012   Code   RO          922    i.USBD_LL_StallEP   usbd_conf.o
    0x080048b6   0x080048b6   0x00000012   Code   RO          923    i.USBD_LL_Start     usbd_conf.o
    0x080048c8   0x080048c8   0x00000012   Code   RO         4272    i.USBD_LL_Suspend   usbd_core.o
    0x080048da   0x080048da   0x00000012   Code   RO          925    i.USBD_LL_Transmit  usbd_conf.o
    0x080048ec   0x080048ec   0x0000005a   Code   RO         4975    i.USBD_MC_DataIn    usbd_composite.o
    0x08004946   0x08004946   0x00000050   Code   RO         4976    i.USBD_MC_DataOut   usbd_composite.o
    0x08004996   0x08004996   0x00000004   Code   RO         4977    i.USBD_MC_DeInit    usbd_composite.o
    0x0800499a   0x0800499a   0x00000002   PAD
    0x0800499c   0x0800499c   0x0000000c   Code   RO         4978    i.USBD_MC_GetDeviceQualifierDescriptor  usbd_composite.o
    0x080049a8   0x080049a8   0x0000000c   Code   RO         4979    i.USBD_MC_GetFSCfgDesc  usbd_composite.o
    0x080049b4   0x080049b4   0x0000000c   Code   RO         4980    i.USBD_MC_GetHSCfgDesc  usbd_composite.o
    0x080049c0   0x080049c0   0x0000000c   Code   RO         4981    i.USBD_MC_GetOtherSpeedCfgDesc  usbd_composite.o
    0x080049cc   0x080049cc   0x00000074   Code   RO         4982    i.USBD_MC_Init      usbd_composite.o
    0x08004a40   0x08004a40   0x0000002a   Code   RO         4983    i.USBD_MC_RxReady   usbd_composite.o
    0x08004a6a   0x08004a6a   0x00000002   PAD
    0x08004a6c   0x08004a6c   0x00000138   Code   RO         4984    i.USBD_MC_Setup     usbd_composite.o
    0x08004ba4   0x08004ba4   0x0000000a   Code   RO         4529    i.USBD_MSC_RegisterStorage  usbd_msc.o
    0x08004bae   0x08004bae   0x00000028   Code   RO         4399    i.USBD_ParseSetupRequest  usbd_ctlreq.o
    0x08004bd6   0x08004bd6   0x00000010   Code   RO         4273    i.USBD_RegisterClass  usbd_core.o
    0x08004be6   0x08004be6   0x00000016   Code   RO         4275    i.USBD_SetClassConfig  usbd_core.o
    0x08004bfc   0x08004bfc   0x00000084   Code   RO         4400    i.USBD_SetConfig    usbd_ctlreq.o
    0x08004c80   0x08004c80   0x0000000a   Code   RO         4276    i.USBD_Start        usbd_core.o
    0x08004c8a   0x08004c8a   0x00000112   Code   RO         4401    i.USBD_StdDevReq    usbd_ctlreq.o
    0x08004d9c   0x08004d9c   0x00000150   Code   RO         4402    i.USBD_StdEPReq     usbd_ctlreq.o
    0x08004eec   0x08004eec   0x0000004e   Code   RO         4403    i.USBD_StdItfReq    usbd_ctlreq.o
    0x08004f3a   0x08004f3a   0x00000258   Code   RO         1381    i.USB_ActivateEndpoint  stm32l1xx_ll_usb.o
    0x08005192   0x08005192   0x0000010e   Code   RO         1385    i.USB_DeactivateEndpoint  stm32l1xx_ll_usb.o
    0x080052a0   0x080052a0   0x00000004   Code   RO         1386    i.USB_DevConnect    stm32l1xx_ll_usb.o
    0x080052a4   0x080052a4   0x00000012   Code   RO         1388    i.USB_DevInit       stm32l1xx_ll_usb.o
    0x080052b6   0x080052b6   0x0000000e   Code   RO         1389    i.USB_DisableGlobalInt  stm32l1xx_ll_usb.o
    0x080052c4   0x080052c4   0x00000078   Code   RO         1390    i.USB_EPClearStall  stm32l1xx_ll_usb.o
    0x0800533c   0x0800533c   0x00000032   Code   RO         1391    i.USB_EPSetStall    stm32l1xx_ll_usb.o
    0x0800536e   0x0800536e   0x00000002   PAD
    0x08005370   0x08005370   0x0000060c   Code   RO         1392    i.USB_EPStartXfer   stm32l1xx_ll_usb.o
    0x0800597c   0x0800597c   0x00000012   Code   RO         1393    i.USB_EnableGlobalInt  stm32l1xx_ll_usb.o
    0x0800598e   0x0800598e   0x00000002   PAD
    0x08005990   0x08005990   0x0000000c   Code   RO          427    i.USB_LP_IRQHandler  stm32l1xx_it.o
    0x0800599c   0x0800599c   0x00000006   Code   RO         1394    i.USB_ReadInterrupts  stm32l1xx_ll_usb.o
    0x080059a2   0x080059a2   0x00000002   PAD
    0x080059a4   0x080059a4   0x0000002c   Code   RO         1395    i.USB_ReadPMA       stm32l1xx_ll_usb.o
    0x080059d0   0x080059d0   0x0000000c   Code   RO         1397    i.USB_SetDevAddress  stm32l1xx_ll_usb.o
    0x080059dc   0x080059dc   0x00000026   Code   RO         1399    i.USB_WritePMA      stm32l1xx_ll_usb.o
    0x08005a02   0x08005a02   0x00000004   Code   RO          559    i.USER_initialize   user_diskio.o
    0x08005a06   0x08005a06   0x00000004   Code   RO          560    i.USER_ioctl        user_diskio.o
    0x08005a0a   0x08005a0a   0x00000004   Code   RO          561    i.USER_read         user_diskio.o
    0x08005a0e   0x08005a0e   0x00000004   Code   RO          562    i.USER_status       user_diskio.o
    0x08005a12   0x08005a12   0x00000004   Code   RO          563    i.USER_write        user_diskio.o
    0x08005a16   0x08005a16   0x00000002   Code   RO          428    i.UsageFault_Handler  stm32l1xx_it.o
    0x08005a18   0x08005a18   0x00000020   Code   RO         2538    i.__NVIC_SetPriority  stm32l1xx_hal_cortex.o
    0x08005a38   0x08005a38   0x00000002   Code   RO           16    i.assert_failed     main.o
    0x08005a3a   0x08005a3a   0x00000002   PAD
    0x08005a3c   0x08005a3c   0x00000070   Code   RO         3818    i.check_fs          ff.o
    0x08005aac   0x08005aac   0x00000020   Code   RO         3820    i.clear_lock        ff.o
    0x08005acc   0x08005acc   0x00000020   Code   RO         4772    i.deselect          mmc_stm32l1_spi.o
    0x08005aec   0x08005aec   0x0000012c   Code   RO         4773    i.disk_initialize   mmc_stm32l1_spi.o
    0x08005c18   0x08005c18   0x00000214   Code   RO         4774    i.disk_ioctl        mmc_stm32l1_spi.o
    0x08005e2c   0x08005e2c   0x00000080   Code   RO         4775    i.disk_read         mmc_stm32l1_spi.o
    0x08005eac   0x08005eac   0x00000010   Code   RO         4776    i.disk_status       mmc_stm32l1_spi.o
    0x08005ebc   0x08005ebc   0x0000002c   Code   RO         4777    i.disk_timerproc    mmc_stm32l1_spi.o
    0x08005ee8   0x08005ee8   0x0000009c   Code   RO         4778    i.disk_write        mmc_stm32l1_spi.o
    0x08005f84   0x08005f84   0x0000007c   Code   RO         3839    i.f_mount           ff.o
    0x08006000   0x08006000   0x0000001c   Code   RO         4210    i.ff_cre_syncobj    syscall.o
    0x0800601c   0x0800601c   0x0000000a   Code   RO         4211    i.ff_del_syncobj    syscall.o
    0x08006026   0x08006026   0x00000004   Code   RO         4212    i.ff_rel_grant      syscall.o
    0x0800602a   0x0800602a   0x00000014   Code   RO         4213    i.ff_req_grant      syscall.o
    0x0800603e   0x0800603e   0x00000002   PAD
    0x08006040   0x08006040   0x00000260   Code   RO         3853    i.find_volume       ff.o
    0x080062a0   0x080062a0   0x0000003c   Code   RO         3857    i.get_ldnumber      ff.o
    0x080062dc   0x080062dc   0x0000000c   Code   RO         5874    i.inHandlerMode     cmsis_os.o
    0x080062e8   0x080062e8   0x00000016   Code   RO         3860    i.ld_dword          ff.o
    0x080062fe   0x080062fe   0x0000000a   Code   RO         3861    i.ld_word           ff.o
    0x08006308   0x08006308   0x00000014   Code   RO         3862    i.lock_fs           ff.o
    0x0800631c   0x0800631c   0x0000003c   Code   RO           17    i.main              main.o
    0x08006358   0x08006358   0x0000000c   Code   RO         5876    i.makeFreeRtosPriority  cmsis_os.o
    0x08006364   0x08006364   0x00000032   Code   RO         3865    i.move_window       ff.o
    0x08006396   0x08006396   0x0000000e   Code   RO         5878    i.osDelay           cmsis_os.o
    0x080063a4   0x080063a4   0x0000000a   Code   RO         5881    i.osKernelStart     cmsis_os.o
    0x080063ae   0x080063ae   0x0000003e   Code   RO         5907    i.osSemaphoreCreate  cmsis_os.o
    0x080063ec   0x080063ec   0x00000018   Code   RO         5908    i.osSemaphoreDelete  cmsis_os.o
    0x08006404   0x08006404   0x00000050   Code   RO         5910    i.osSemaphoreRelease  cmsis_os.o
    0x08006454   0x08006454   0x00000064   Code   RO         5911    i.osSemaphoreWait   cmsis_os.o
    0x080064b8   0x080064b8   0x00000054   Code   RO         5915    i.osThreadCreate    cmsis_os.o
    0x0800650c   0x0800650c   0x00000070   Code   RO         5573    i.prvAddCurrentTaskToDelayedList  tasks.o
    0x0800657c   0x0800657c   0x000000d0   Code   RO         5574    i.prvAddNewTaskToReadyList  tasks.o
    0x0800664c   0x0800664c   0x00000026   Code   RO         5267    i.prvCopyDataFromQueue  queue.o
    0x08006672   0x08006672   0x0000006c   Code   RO         5268    i.prvCopyDataToQueue  queue.o
    0x080066de   0x080066de   0x00000034   Code   RO         5575    i.prvDeleteTCB      tasks.o
    0x08006712   0x08006712   0x00000002   PAD
    0x08006714   0x08006714   0x0000004c   Code   RO         6243    i.prvHeapInit       heap_4.o
    0x08006760   0x08006760   0x00000060   Code   RO         5576    i.prvIdleTask       tasks.o
    0x080067c0   0x080067c0   0x00000016   Code   RO         5270    i.prvInitialiseNewQueue  queue.o
    0x080067d6   0x080067d6   0x0000008e   Code   RO         5577    i.prvInitialiseNewTask  tasks.o
    0x08006864   0x08006864   0x0000004c   Code   RO         6244    i.prvInsertBlockIntoFreeList  heap_4.o
    0x080068b0   0x080068b0   0x0000001c   Code   RO         5271    i.prvIsQueueEmpty   queue.o
    0x080068cc   0x080068cc   0x00000020   Code   RO         5578    i.prvResetNextTaskUnblockTime  tasks.o
    0x080068ec   0x080068ec   0x00000028   Code   RO         6306    i.prvTaskExitError  port.o
    0x08006914   0x08006914   0x0000006a   Code   RO         5272    i.prvUnlockQueue    queue.o
    0x0800697e   0x0800697e   0x00000002   PAD
    0x08006980   0x08006980   0x000000d8   Code   RO         6245    i.pvPortMalloc      heap_4.o
    0x08006a58   0x08006a58   0x00000018   Code   RO         5580    i.pvTaskIncrementMutexHeldCount  tasks.o
    0x08006a70   0x08006a70   0x00000024   Code   RO         6307    i.pxPortInitialiseStack  port.o
    0x08006a94   0x08006a94   0x00000078   Code   RO         4779    i.rcvr_datablock    mmc_stm32l1_spi.o
    0x08006b0c   0x08006b0c   0x00000034   Code   RO         4780    i.select            mmc_stm32l1_spi.o
    0x08006b40   0x08006b40   0x00000086   Code   RO         4781    i.send_cmd          mmc_stm32l1_spi.o
    0x08006bc6   0x08006bc6   0x00000052   Code   RO         3874    i.sync_window       ff.o
    0x08006c18   0x08006c18   0x00000018   Code   RO         3875    i.unlock_fs         ff.o
    0x08006c30   0x08006c30   0x00000026   Code   RO         5227    i.uxListRemove      list.o
    0x08006c56   0x08006c56   0x00000002   PAD
    0x08006c58   0x08006c58   0x00000014   Code   RO          285    i.vApplicationGetIdleTaskMemory  freertos.o
    0x08006c6c   0x08006c6c   0x00000016   Code   RO         5228    i.vListInitialise   list.o
    0x08006c82   0x08006c82   0x00000006   Code   RO         5229    i.vListInitialiseItem  list.o
    0x08006c88   0x08006c88   0x00000030   Code   RO         5230    i.vListInsert       list.o
    0x08006cb8   0x08006cb8   0x00000018   Code   RO         5231    i.vListInsertEnd    list.o
    0x08006cd0   0x08006cd0   0x00000040   Code   RO         6309    i.vPortEnterCritical  port.o
    0x08006d10   0x08006d10   0x00000028   Code   RO         6310    i.vPortExitCritical  port.o
    0x08006d38   0x08006d38   0x0000005c   Code   RO         6246    i.vPortFree         heap_4.o
    0x08006d94   0x08006d94   0x00000024   Code   RO         6311    i.vPortSetupTimerInterrupt  port.o
    0x08006db8   0x08006db8   0x00000054   Code   RO         6312    i.vPortValidateInterruptPriority  port.o
    0x08006e0c   0x08006e0c   0x0000002e   Code   RO         5277    i.vQueueDelete      queue.o
    0x08006e3a   0x08006e3a   0x00000002   PAD
    0x08006e3c   0x08006e3c   0x00000028   Code   RO         5278    i.vQueueUnregisterQueue  queue.o
    0x08006e64   0x08006e64   0x0000004c   Code   RO         5586    i.vTaskDelay        tasks.o
    0x08006eb0   0x08006eb0   0x00000010   Code   RO         5589    i.vTaskInternalSetTimeOutState  tasks.o
    0x08006ec0   0x08006ec0   0x0000000c   Code   RO         5590    i.vTaskMissedYield  tasks.o
    0x08006ecc   0x08006ecc   0x00000030   Code   RO         5592    i.vTaskPlaceOnEventList  tasks.o
    0x08006efc   0x08006efc   0x000000a8   Code   RO         5594    i.vTaskPriorityDisinheritAfterTimeout  tasks.o
    0x08006fa4   0x08006fa4   0x0000006c   Code   RO         5599    i.vTaskStartScheduler  tasks.o
    0x08007010   0x08007010   0x00000010   Code   RO         5601    i.vTaskSuspendAll   tasks.o
    0x08007020   0x08007020   0x0000005c   Code   RO         5602    i.vTaskSwitchContext  tasks.o
    0x0800707c   0x0800707c   0x00000020   Code   RO         4782    i.wait_ready        mmc_stm32l1_spi.o
    0x0800709c   0x0800709c   0x000000a8   Code   RO         6313    i.xPortStartScheduler  port.o
    0x08007144   0x08007144   0x00000048   Code   RO         5281    i.xQueueGenericCreate  queue.o
    0x0800718c   0x0800718c   0x00000066   Code   RO         5282    i.xQueueGenericCreateStatic  queue.o
    0x080071f2   0x080071f2   0x00000002   PAD
    0x080071f4   0x080071f4   0x00000088   Code   RO         5283    i.xQueueGenericReset  queue.o
    0x0800727c   0x0800727c   0x00000160   Code   RO         5284    i.xQueueGenericSend  queue.o
    0x080073dc   0x080073dc   0x0000009c   Code   RO         5286    i.xQueueGiveFromISR  queue.o
    0x08007478   0x08007478   0x0000009a   Code   RO         5292    i.xQueueReceiveFromISR  queue.o
    0x08007512   0x08007512   0x00000002   PAD
    0x08007514   0x08007514   0x00000178   Code   RO         5293    i.xQueueSemaphoreTake  queue.o
    0x0800768c   0x0800768c   0x00000074   Code   RO         5603    i.xTaskCheckForTimeOut  tasks.o
    0x08007700   0x08007700   0x0000005a   Code   RO         5604    i.xTaskCreate       tasks.o
    0x0800775a   0x0800775a   0x00000056   Code   RO         5605    i.xTaskCreateStatic  tasks.o
    0x080077b0   0x080077b0   0x0000001c   Code   RO         5609    i.xTaskGetSchedulerState  tasks.o
    0x080077cc   0x080077cc   0x000000c8   Code   RO         5612    i.xTaskIncrementTick  tasks.o
    0x08007894   0x08007894   0x00000098   Code   RO         5615    i.xTaskPriorityDisinherit  tasks.o
    0x0800792c   0x0800792c   0x00000094   Code   RO         5616    i.xTaskPriorityInherit  tasks.o
    0x080079c0   0x080079c0   0x00000074   Code   RO         5617    i.xTaskRemoveFromEventList  tasks.o
    0x08007a34   0x08007a34   0x000000c4   Code   RO         5618    i.xTaskResumeAll    tasks.o
    0x08007af8   0x08007af8   0x0000002c   Code   RO         4783    i.xchg_spi          mmc_stm32l1_spi.o
    0x08007b24   0x08007b24   0x00000060   Code   RO         4784    i.xmit_datablock    mmc_stm32l1_spi.o
    0x08007b84   0x08007b84   0x0000001c   Data   RO          287    .constdata          freertos.o
    0x08007ba0   0x08007ba0   0x00000024   Data   RO          825    .constdata          usbd_storage_if.o
    0x08007bc4   0x08007bc4   0x00000019   Data   RO         3782    .constdata          system_stm32l1xx.o
    0x08007bdd   0x08007bdd   0x00000008   Data   RO         3783    .constdata          system_stm32l1xx.o
    0x08007be5   0x08007be5   0x00000007   Data   RO         4676    .constdata          usbd_msc_data.o
    0x08007bec   0x08007bec   0x00000008   Data   RO         4677    .constdata          usbd_msc_data.o
    0x08007bf4   0x08007bf4   0x00000008   Data   RO         4678    .constdata          usbd_msc_data.o
    0x08007bfc   0x08007bfc   0x0000000c   Data   RO          288    .conststring        freertos.o
    0x08007c08   0x08007c08   0x00000020   Data   RO         6562    Region$$Table       anon$$obj.o


    Execution Region RW_IRAM1 (Exec base: 0x20000000, Load base: 0x08007c28, Size: 0x0000b988, Max: 0x00014000, ABSOLUTE, COMPRESSED[0x00000104])

    Exec Addr    Load Addr    Size         Type   Attr      Idx    E Section Name        Object

    0x20000000   COMPRESSED   0x00000004   Data   RW          289    .data               freertos.o
    0x20000004   COMPRESSED   0x00000014   Data   RW          564    .data               user_diskio.o
    0x20000018   COMPRESSED   0x00000006   Data   RW          632    .data               fatfs.o
    0x2000001e   COMPRESSED   0x00000002   PAD
    0x20000020   COMPRESSED   0x0000001c   Data   RW          741    .data               usbd_desc.o
    0x2000003c   COMPRESSED   0x00000032   Data   RW          742    .data               usbd_desc.o
    0x2000006e   COMPRESSED   0x00000002   PAD
    0x20000070   COMPRESSED   0x00000020   Data   RW          826    .data               usbd_storage_if.o
    0x20000090   COMPRESSED   0x00000008   Data   RW          827    .data               usbd_storage_if.o
    0x20000098   COMPRESSED   0x0000000c   Data   RW         1538    .data               stm32l1xx_hal.o
    0x200000a4   COMPRESSED   0x00000004   Data   RW         3784    .data               system_stm32l1xx.o
    0x200000a8   COMPRESSED   0x00000008   Data   RW         3879    .data               ff.o
    0x200000b0   COMPRESSED   0x00000001   Data   RW         4404    .data               usbd_ctlreq.o
    0x200000b1   COMPRESSED   0x00000003   PAD
    0x200000b4   COMPRESSED   0x0000000c   Data   RW         4785    .data               mmc_stm32l1_spi.o
    0x200000c0   COMPRESSED   0x00000038   Data   RW         4986    .data               usbd_composite.o
    0x200000f8   COMPRESSED   0x00000075   Data   RW         4987    .data               usbd_composite.o
    0x2000016d   COMPRESSED   0x00000003   PAD
    0x20000170   COMPRESSED   0x00000008   Data   RW         5079    .data               usbd_cdc_if.o
    0x20000178   COMPRESSED   0x00000010   Data   RW         5080    .data               usbd_cdc_if.o
    0x20000188   COMPRESSED   0x0000003c   Data   RW         5621    .data               tasks.o
    0x200001c4   COMPRESSED   0x00000018   Data   RW         6251    .data               heap_4.o
    0x200001dc   COMPRESSED   0x0000000c   Data   RW         6314    .data               port.o
    0x200001e8        -       0x00000254   Zero   RW          286    .bss                freertos.o
    0x2000043c        -       0x00000058   Zero   RW          339    .bss                spi.o
    0x20000494        -       0x00000040   Zero   RW          381    .bss                tim.o
    0x200004d4        -       0x00000040   Zero   RW          523    .bss                stm32l1xx_hal_timebase_tim.o
    0x20000514        -       0x00000234   Zero   RW          630    .bss                fatfs.o
    0x20000748        -       0x0000029c   Zero   RW          670    .bss                usb_device.o
    0x200009e4        -       0x00000200   Zero   RW          740    .bss                usbd_desc.o
    0x20000be4        -       0x0000055c   Zero   RW          928    .bss                usbd_conf.o
    0x20001140        -       0x00000020   Zero   RW         3877    .bss                ff.o
    0x20001160        -       0x0000000c   Zero   RW         4164    .bss                ff_gen_drv.o
    0x2000116c        -       0x00000488   Zero   RW         4985    .bss                usbd_composite.o
    0x200015f4        -       0x00001000   Zero   RW         5078    .bss                usbd_cdc_if.o
    0x200025f4        -       0x00000040   Zero   RW         5294    .bss                queue.o
    0x20002634        -       0x000000f0   Zero   RW         5620    .bss                tasks.o
    0x20002724        -       0x00005000   Zero   RW         6250    .bss                heap_4.o
    0x20007724        -       0x00000060   Zero   RW         6436    .bss                c_w.l(libspace.o)
    0x20007784   COMPRESSED   0x00000004   PAD
    0x20007788        -       0x00000200   Zero   RW            2    HEAP                startup_stm32l151xe.o
    0x20007988        -       0x00004000   Zero   RW            1    STACK               startup_stm32l151xe.o


==============================================================================

Image component sizes


      Code (inc. data)   RO Data    RW Data    ZI Data      Debug   Object Name

       398         10          0          0          0      29712   cmsis_os.o
         0          0          0          0          0      18244   event_groups.o
        96         16          0          6        564       3456   fatfs.o
      1144         34          0          8         32      13654   ff.o
        70          6          0          0         12       1619   ff_gen_drv.o
        72         14         40          4        596       6966   freertos.o
       240         20          0          0          0       1051   gpio.o
       460         24          0         24      20480       7327   heap_4.o
       138          0          0          0          0       3474   list.o
       196         16          0          0          0     434907   main.o
      1766         96          0         12          0      11983   mmc_stm32l1_spi.o
       662         70          0         12          0      11309   port.o
      1736         18          0          0         64      16924   queue.o
       152         28          0          0         88       1690   spi.o
        64         26        292          0      16896        824   startup_stm32l151xe.o
        94         14          0         12          0       3274   stm32l1xx_hal.o
       420        196          0          0          0      30094   stm32l1xx_hal_cortex.o
      1264        266          0          0          0       3274   stm32l1xx_hal_gpio.o
        72          6          0          0          0        910   stm32l1xx_hal_msp.o
      2908         62          0          0          0      14424   stm32l1xx_hal_pcd.o
        60          0          0          0          0       1198   stm32l1xx_hal_pcd_ex.o
      2632        282          0          0          0       6598   stm32l1xx_hal_rcc.o
      1992        262          0          0          0       7125   stm32l1xx_hal_spi.o
      2012        292          0          0          0      10338   stm32l1xx_hal_tim.o
       288         84          0          0          0       1304   stm32l1xx_hal_tim_ex.o
       112         12          0          0         64       1455   stm32l1xx_hal_timebase_tim.o
        56         16          0          0          0       4049   stm32l1xx_it.o
      2742          0          0          0          0      14596   stm32l1xx_ll_usb.o
        62          0          0          0          0       3332   syscall.o
         2          0         33          4          0       1203   system_stm32l1xx.o
      2334        172          0         60        240      24367   tasks.o
       172         20          0          0         64       1722   tim.o
        64         12          0          0        668       7736   usb_device.o
        84          0          0          0          0       4532   usbd_cdc.o
       132         24          0         24       4096       3135   usbd_cdc_if.o
       748         42          0        173       1160       8700   usbd_composite.o
       614         30          0          0       1372      14720   usbd_conf.o
       662          0          0          0          0       9631   usbd_core.o
      1186         28          0          1          0       7980   usbd_ctlreq.o
       280        100          0         78        512       6045   usbd_desc.o
       132          0          0          0          0       4416   usbd_ioreq.o
        10          0          0          0          0       2563   usbd_msc.o
       578         10          0          0          0       6652   usbd_msc_bot.o
         0          0         23          0          0        913   usbd_msc_data.o
      1404         12          0          0          0      10215   usbd_msc_scsi.o
        60          4         36         40          0       4622   usbd_storage_if.o
        20          0          0         20          0       3848   user_diskio.o

    ----------------------------------------------------------------------
     30434       2324        456        488      46908     788111   Object Totals
         0          0         32          0          0          0   (incl. Generated)
        44          0          0         10          0          0   (incl. Padding)

    ----------------------------------------------------------------------

      Code (inc. data)   RO Data    RW Data    ZI Data      Debug   Library Member Name

        90          0          0          0          0          0   __dczerorl2.o
         8          0          0          0          0         68   __main.o
         0          0          0          0          0          0   __rtentry.o
        12          0          0          0          0          0   __rtentry2.o
         6          0          0          0          0          0   __rtentry4.o
        52          8          0          0          0          0   __scatter.o
        28          0          0          0          0          0   __scatter_zi.o
        18          0          0          0          0         80   exit.o
         6          0          0          0          0        152   heapauxi.o
         0          0          0          0          0          0   indicate_semi.o
         2          0          0          0          0          0   libinit.o
         2          0          0          0          0          0   libinit2.o
         2          0          0          0          0          0   libshutdown.o
         2          0          0          0          0          0   libshutdown2.o
         8          4          0          0         96         68   libspace.o
       238          0          0          0          0        100   lludivv7m.o
        78          0          0          0          0         80   rt_memclr_w.o
       138          0          0          0          0         68   rt_memcpy_v6.o
       100          0          0          0          0         80   rt_memcpy_w.o
         2          0          0          0          0          0   rtexit.o
        10          0          0          0          0          0   rtexit2.o
        12          4          0          0          0         68   sys_exit.o
        74          0          0          0          0         80   sys_stackheap_outer.o
         2          0          0          0          0         68   use_no_semi.o

    ----------------------------------------------------------------------
       894         16          0          0        100        912   Library Totals
         4          0          0          0          4          0   (incl. Padding)

    ----------------------------------------------------------------------

      Code (inc. data)   RO Data    RW Data    ZI Data      Debug   Library Name

       890         16          0          0         96        912   c_w.l

    ----------------------------------------------------------------------
       894         16          0          0        100        912   Library Totals

    ----------------------------------------------------------------------

==============================================================================


      Code (inc. data)   RO Data    RW Data    ZI Data      Debug   

     31328       2340        456        488      47008     773523   Grand Totals
     31328       2340        456        260      47008     773523   ELF Image Totals (compressed)
     31328       2340        456        260          0          0   ROM Totals

==============================================================================

    Total RO  Size (Code + RO Data)                31784 (  31.04kB)
    Total RW  Size (RW Data + ZI Data)             47496 (  46.38kB)
    Total ROM Size (Code + RO Data + RW Data)      32044 (  31.29kB)

==============================================================================

